Archive member included to satisfy reference by file (symbol)

d:/stmcubeide/stm32cubeide_1.7.0/stm32cubeide/plugins/com.st.stm32cube.ide.mcu.externaltools.gnu-tools-for-stm32.9-2020-q2-update.win32_2.0.0.202105311346/tools/bin/../lib/gcc/arm-none-eabi/9.3.1/../../../../arm-none-eabi/lib/thumb/v7-m/nofp\libc_nano.a(lib_a-errno.o)
                              ./Core/Src/syscalls.o (__errno)
d:/stmcubeide/stm32cubeide_1.7.0/stm32cubeide/plugins/com.st.stm32cube.ide.mcu.externaltools.gnu-tools-for-stm32.9-2020-q2-update.win32_2.0.0.202105311346/tools/bin/../lib/gcc/arm-none-eabi/9.3.1/../../../../arm-none-eabi/lib/thumb/v7-m/nofp\libc_nano.a(lib_a-exit.o)
                              d:/stmcubeide/stm32cubeide_1.7.0/stm32cubeide/plugins/com.st.stm32cube.ide.mcu.externaltools.gnu-tools-for-stm32.9-2020-q2-update.win32_2.0.0.202105311346/tools/bin/../lib/gcc/arm-none-eabi/9.3.1/../../../../arm-none-eabi/lib/thumb/v7-m/nofp/crt0.o (exit)
d:/stmcubeide/stm32cubeide_1.7.0/stm32cubeide/plugins/com.st.stm32cube.ide.mcu.externaltools.gnu-tools-for-stm32.9-2020-q2-update.win32_2.0.0.202105311346/tools/bin/../lib/gcc/arm-none-eabi/9.3.1/../../../../arm-none-eabi/lib/thumb/v7-m/nofp\libc_nano.a(lib_a-impure.o)
                              d:/stmcubeide/stm32cubeide_1.7.0/stm32cubeide/plugins/com.st.stm32cube.ide.mcu.externaltools.gnu-tools-for-stm32.9-2020-q2-update.win32_2.0.0.202105311346/tools/bin/../lib/gcc/arm-none-eabi/9.3.1/../../../../arm-none-eabi/lib/thumb/v7-m/nofp\libc_nano.a(lib_a-exit.o) (_global_impure_ptr)
d:/stmcubeide/stm32cubeide_1.7.0/stm32cubeide/plugins/com.st.stm32cube.ide.mcu.externaltools.gnu-tools-for-stm32.9-2020-q2-update.win32_2.0.0.202105311346/tools/bin/../lib/gcc/arm-none-eabi/9.3.1/../../../../arm-none-eabi/lib/thumb/v7-m/nofp\libc_nano.a(lib_a-init.o)
                              d:/stmcubeide/stm32cubeide_1.7.0/stm32cubeide/plugins/com.st.stm32cube.ide.mcu.externaltools.gnu-tools-for-stm32.9-2020-q2-update.win32_2.0.0.202105311346/tools/bin/../lib/gcc/arm-none-eabi/9.3.1/../../../../arm-none-eabi/lib/thumb/v7-m/nofp/crt0.o (__libc_init_array)
d:/stmcubeide/stm32cubeide_1.7.0/stm32cubeide/plugins/com.st.stm32cube.ide.mcu.externaltools.gnu-tools-for-stm32.9-2020-q2-update.win32_2.0.0.202105311346/tools/bin/../lib/gcc/arm-none-eabi/9.3.1/../../../../arm-none-eabi/lib/thumb/v7-m/nofp\libc_nano.a(lib_a-malloc.o)
                              ./Core/Src/i2c_lcd.o (malloc)
d:/stmcubeide/stm32cubeide_1.7.0/stm32cubeide/plugins/com.st.stm32cube.ide.mcu.externaltools.gnu-tools-for-stm32.9-2020-q2-update.win32_2.0.0.202105311346/tools/bin/../lib/gcc/arm-none-eabi/9.3.1/../../../../arm-none-eabi/lib/thumb/v7-m/nofp\libc_nano.a(lib_a-memset.o)
                              d:/stmcubeide/stm32cubeide_1.7.0/stm32cubeide/plugins/com.st.stm32cube.ide.mcu.externaltools.gnu-tools-for-stm32.9-2020-q2-update.win32_2.0.0.202105311346/tools/bin/../lib/gcc/arm-none-eabi/9.3.1/../../../../arm-none-eabi/lib/thumb/v7-m/nofp/crt0.o (memset)
d:/stmcubeide/stm32cubeide_1.7.0/stm32cubeide/plugins/com.st.stm32cube.ide.mcu.externaltools.gnu-tools-for-stm32.9-2020-q2-update.win32_2.0.0.202105311346/tools/bin/../lib/gcc/arm-none-eabi/9.3.1/../../../../arm-none-eabi/lib/thumb/v7-m/nofp\libc_nano.a(lib_a-nano-freer.o)
                              d:/stmcubeide/stm32cubeide_1.7.0/stm32cubeide/plugins/com.st.stm32cube.ide.mcu.externaltools.gnu-tools-for-stm32.9-2020-q2-update.win32_2.0.0.202105311346/tools/bin/../lib/gcc/arm-none-eabi/9.3.1/../../../../arm-none-eabi/lib/thumb/v7-m/nofp\libc_nano.a(lib_a-malloc.o) (_free_r)
d:/stmcubeide/stm32cubeide_1.7.0/stm32cubeide/plugins/com.st.stm32cube.ide.mcu.externaltools.gnu-tools-for-stm32.9-2020-q2-update.win32_2.0.0.202105311346/tools/bin/../lib/gcc/arm-none-eabi/9.3.1/../../../../arm-none-eabi/lib/thumb/v7-m/nofp\libc_nano.a(lib_a-nano-mallocr.o)
                              d:/stmcubeide/stm32cubeide_1.7.0/stm32cubeide/plugins/com.st.stm32cube.ide.mcu.externaltools.gnu-tools-for-stm32.9-2020-q2-update.win32_2.0.0.202105311346/tools/bin/../lib/gcc/arm-none-eabi/9.3.1/../../../../arm-none-eabi/lib/thumb/v7-m/nofp\libc_nano.a(lib_a-malloc.o) (_malloc_r)
d:/stmcubeide/stm32cubeide_1.7.0/stm32cubeide/plugins/com.st.stm32cube.ide.mcu.externaltools.gnu-tools-for-stm32.9-2020-q2-update.win32_2.0.0.202105311346/tools/bin/../lib/gcc/arm-none-eabi/9.3.1/../../../../arm-none-eabi/lib/thumb/v7-m/nofp\libc_nano.a(lib_a-sbrkr.o)
                              d:/stmcubeide/stm32cubeide_1.7.0/stm32cubeide/plugins/com.st.stm32cube.ide.mcu.externaltools.gnu-tools-for-stm32.9-2020-q2-update.win32_2.0.0.202105311346/tools/bin/../lib/gcc/arm-none-eabi/9.3.1/../../../../arm-none-eabi/lib/thumb/v7-m/nofp\libc_nano.a(lib_a-nano-mallocr.o) (_sbrk_r)
[...]
Memory Configuration

Name             Origin             Length             Attributes
RAM              0x0000000020000000 0x0000000000005000 xrw
FLASH            0x0000000008000000 0x0000000000020000 xr
*default*        0x0000000000000000 0xffffffffffffffff

Linker script and memory map

LOAD d:/stmcubeide/stm32cubeide_1.7.0/stm32cubeide/plugins/com.st.stm32cube.ide.mcu.externaltools.gnu-tools-for-stm32.9-2020-q2-update.win32_2.0.0.202105311346/tools/bin/../lib/gcc/arm-none-eabi/9.3.1/thumb/v7-m/nofp/crti.o
LOAD d:/stmcubeide/stm32cubeide_1.7.0/stm32cubeide/plugins/com.st.stm32cube.ide.mcu.externaltools.gnu-tools-for-stm32.9-2020-q2-update.win32_2.0.0.202105311346/tools/bin/../lib/gcc/arm-none-eabi/9.3.1/thumb/v7-m/nofp/crtbegin.o
LOAD d:/stmcubeide/stm32cubeide_1.7.0/stm32cubeide/plugins/com.st.stm32cube.ide.mcu.externaltools.gnu-tools-for-stm32.9-2020-q2-update.win32_2.0.0.202105311346/tools/bin/../lib/gcc/arm-none-eabi/9.3.1/../../../../arm-none-eabi/lib/thumb/v7-m/nofp/crt0.o
LOAD ./Core/Src/button.o
LOAD ./Core/Src/command_read.o
LOAD ./Core/Src/fsm_automatic.o
LOAD ./Core/Src/fsm_manual.o
LOAD ./Core/Src/fsm_settings_run.o
LOAD ./Core/Src/global.o
LOAD ./Core/Src/i2c_lcd.o
LOAD ./Core/Src/led7_segment.o
LOAD ./Core/Src/main.o
LOAD ./Core/Src/scheduler.o
LOAD ./Core/Src/software_interrupt.o
LOAD ./Core/Src/stm32f1xx_hal_msp.o
LOAD ./Core/Src/stm32f1xx_it.o
LOAD ./Core/Src/syscalls.o
LOAD ./Core/Src/sysmem.o
LOAD ./Core/Src/system_stm32f1xx.o
LOAD ./Core/Src/traffic_light.o
LOAD ./Core/Src/uart_com.o
LOAD ./Core/Startup/startup_stm32f103rbtx.o
LOAD ./Drivers/STM32F1xx_HAL_Driver/Src/stm32f1xx_hal.o
LOAD ./Drivers/STM32F1xx_HAL_Driver/Src/stm32f1xx_hal_cortex.o
LOAD ./Drivers/STM32F1xx_HAL_Driver/Src/stm32f1xx_hal_dma.o
LOAD ./Drivers/STM32F1xx_HAL_Driver/Src/stm32f1xx_hal_exti.o
LOAD ./Drivers/STM32F1xx_HAL_Driver/Src/stm32f1xx_hal_flash.o
LOAD ./Drivers/STM32F1xx_HAL_Driver/Src/stm32f1xx_hal_flash_ex.o
LOAD ./Drivers/STM32F1xx_HAL_Driver/Src/stm32f1xx_hal_gpio.o
LOAD ./Drivers/STM32F1xx_HAL_Driver/Src/stm32f1xx_hal_gpio_ex.o
LOAD ./Drivers/STM32F1xx_HAL_Driver/Src/stm32f1xx_hal_i2c.o
LOAD ./Drivers/STM32F1xx_HAL_Driver/Src/stm32f1xx_hal_pwr.o
LOAD ./Drivers/STM32F1xx_HAL_Driver/Src/stm32f1xx_hal_rcc.o
LOAD ./Drivers/STM32F1xx_HAL_Driver/Src/stm32f1xx_hal_rcc_ex.o
LOAD ./Drivers/STM32F1xx_HAL_Driver/Src/stm32f1xx_hal_tim.o
LOAD ./Drivers/STM32F1xx_HAL_Driver/Src/stm32f1xx_hal_tim_ex.o
LOAD ./Drivers/STM32F1xx_HAL_Driver/Src/stm32f1xx_hal_uart.o
START GROUP
LOAD d:/stmcubeide/stm32cubeide_1.7.0/stm32cubeide/plugins/com.st.stm32cube.ide.mcu.externaltools.gnu-tools-for-stm32.9-2020-q2-update.win32_2.0.0.202105311346/tools/bin/../lib/gcc/arm-none-eabi/9.3.1/../../../../arm-none-eabi/lib/thumb/v7-m/nofp\libc_nano.a
LOAD d:/stmcubeide/stm32cubeide_1.7.0/stm32cubeide/plugins/com.st.stm32cube.ide.mcu.externaltools.gnu-tools-for-stm32.9-2020-q2-update.win32_2.0.0.202105311346/tools/bin/../lib/gcc/arm-none-eabi/9.3.1/../../../../arm-none-eabi/lib/thumb/v7-m/nofp\libm.a
END GROUP
START GROUP
LOAD d:/stmcubeide/stm32cubeide_1.7.0/stm32cubeide/plugins/com.st.stm32cube.ide.mcu.externaltools.gnu-tools-for-stm32.9-2020-q2-update.win32_2.0.0.202105311346/tools/bin/../lib/gcc/arm-none-eabi/9.3.1/thumb/v7-m/nofp\libgcc.a
LOAD d:/stmcubeide/stm32cubeide_1.7.0/stm32cubeide/plugins/com.st.stm32cube.ide.mcu.externaltools.gnu-tools-for-stm32.9-2020-q2-update.win32_2.0.0.202105311346/tools/bin/../lib/gcc/arm-none-eabi/9.3.1/../../../../arm-none-eabi/lib/thumb/v7-m/nofp\libc_nano.a
END GROUP
START GROUP
LOAD d:/stmcubeide/stm32cubeide_1.7.0/stm32cubeide/plugins/com.st.stm32cube.ide.mcu.externaltools.gnu-tools-for-stm32.9-2020-q2-update.win32_2.0.0.202105311346/tools/bin/../lib/gcc/arm-none-eabi/9.3.1/thumb/v7-m/nofp\libgcc.a
LOAD d:/stmcubeide/stm32cubeide_1.7.0/stm32cubeide/plugins/com.st.stm32cube.ide.mcu.externaltools.gnu-tools-for-stm32.9-2020-q2-update.win32_2.0.0.202105311346/tools/bin/../lib/gcc/arm-none-eabi/9.3.1/../../../../arm-none-eabi/lib/thumb/v7-m/nofp\libc_nano.a
LOAD d:/stmcubeide/stm32cubeide_1.7.0/stm32cubeide/plugins/com.st.stm32cube.ide.mcu.externaltools.gnu-tools-for-stm32.9-2020-q2-update.win32_2.0.0.202105311346/tools/bin/../lib/gcc/arm-none-eabi/9.3.1/../../../../arm-none-eabi/lib/thumb/v7-m/nofp\libnosys.a
END GROUP
START GROUP
LOAD d:/stmcubeide/stm32cubeide_1.7.0/stm32cubeide/plugins/com.st.stm32cube.ide.mcu.externaltools.gnu-tools-for-stm32.9-2020-q2-update.win32_2.0.0.202105311346/tools/bin/../lib/gcc/arm-none-eabi/9.3.1/thumb/v7-m/nofp\libgcc.a
LOAD d:/stmcubeide/stm32cubeide_1.7.0/stm32cubeide/plugins/com.st.stm32cube.ide.mcu.externaltools.gnu-tools-for-stm32.9-2020-q2-update.win32_2.0.0.202105311346/tools/bin/../lib/gcc/arm-none-eabi/9.3.1/../../../../arm-none-eabi/lib/thumb/v7-m/nofp\libc_nano.a
LOAD d:/stmcubeide/stm32cubeide_1.7.0/stm32cubeide/plugins/com.st.stm32cube.ide.mcu.externaltools.gnu-tools-for-stm32.9-2020-q2-update.win32_2.0.0.202105311346/tools/bin/../lib/gcc/arm-none-eabi/9.3.1/../../../../arm-none-eabi/lib/thumb/v7-m/nofp\libnosys.a
END GROUP
LOAD d:/stmcubeide/stm32cubeide_1.7.0/stm32cubeide/plugins/com.st.stm32cube.ide.mcu.externaltools.gnu-tools-for-stm32.9-2020-q2-update.win32_2.0.0.202105311346/tools/bin/../lib/gcc/arm-none-eabi/9.3.1/thumb/v7-m/nofp/crtend.o
LOAD d:/stmcubeide/stm32cubeide_1.7.0/stm32cubeide/plugins/com.st.stm32cube.ide.mcu.externaltools.gnu-tools-for-stm32.9-2020-q2-update.win32_2.0.0.202105311346/tools/bin/../lib/gcc/arm-none-eabi/9.3.1/thumb/v7-m/nofp/crtn.o
                0x0000000020005000                _estack = (ORIGIN (RAM) + LENGTH (RAM))
                0x0000000000000200                _Min_Heap_Size = 0x200
                0x0000000000000400                _Min_Stack_Size = 0x400

.isr_vector     0x0000000008000000      0x10c
                0x0000000008000000                . = ALIGN (0x4)
 *(.isr_vector)
 .isr_vector    0x0000000008000000      0x10c ./Core/Startup/startup_stm32f103rbtx.o
                0x0000000008000000                g_pfnVectors
                0x000000000800010c                . = ALIGN (0x4)

.text           0x000000000800010c     0x5968
                0x000000000800010c                . = ALIGN (0x4)
 *(.text)
 .text          0x000000000800010c       0x40 d:/stmcubeide/stm32cubeide_1.7.0/stm32cubeide/plugins/com.st.stm32cube.ide.mcu.externaltools.gnu-tools-for-stm32.9-2020-q2-update.win32_2.0.0.202105311346/tools/bin/../lib/gcc/arm-none-eabi/9.3.1/thumb/v7-m/nofp/crtbegin.o
 *(.text*)
 .text.getKeyInput
                0x000000000800014c      0x10c ./Core/Src/button.o
                0x000000000800014c                getKeyInput
 .text.isKeyPressed
                0x0000000008000258       0x40 ./Core/Src/button.o
                0x0000000008000258                isKeyPressed
 .text.isReadfrom
                0x0000000008000298       0x6c ./Core/Src/button.o
                0x0000000008000298                isReadfrom
 .text.command_read_fsm
                0x0000000008000304       0xa8 ./Core/Src/command_read.o
                0x0000000008000304                command_read_fsm
 .text.setCount
                0x00000000080003ac       0x34 ./Core/Src/fsm_automatic.o
                0x00000000080003ac                setCount
 .text.minusCount
                0x00000000080003e0       0x28 ./Core/Src/fsm_automatic.o
                0x00000000080003e0                minusCount
 .text.getCount
                0x0000000008000408       0x38 ./Core/Src/fsm_automatic.o
                0x0000000008000408                getCount
 .text.fsm_INIT
                0x0000000008000440       0x80 ./Core/Src/fsm_automatic.o
                0x0000000008000440                fsm_INIT
 .text.fsm_AUTO_RED_GREEN
                0x00000000080004c0      0x13c ./Core/Src/fsm_automatic.o
                0x00000000080004c0                fsm_AUTO_RED_GREEN
 .text.fsm_AUTO_RED_YELLOW
                0x00000000080005fc      0x13c ./Core/Src/fsm_automatic.o
                0x00000000080005fc                fsm_AUTO_RED_YELLOW
 .text.fsm_AUTO_GREEN_RED
                0x0000000008000738      0x13c ./Core/Src/fsm_automatic.o
                0x0000000008000738                fsm_AUTO_GREEN_RED
 .text.fsm_AUTO_YELLOW_RED
                0x0000000008000874      0x13c ./Core/Src/fsm_automatic.o
                0x0000000008000874                fsm_AUTO_YELLOW_RED
 .text.fms_MAN_RED_GREEN
                0x00000000080009b0       0x9c ./Core/Src/fsm_manual.o
                0x00000000080009b0                fms_MAN_RED_GREEN
 .text.fms_MAN_RED_YELLOW
                0x0000000008000a4c       0x98 ./Core/Src/fsm_manual.o
                0x0000000008000a4c                fms_MAN_RED_YELLOW
 .text.fms_MAN_GREEN_RED
                0x0000000008000ae4       0x9c ./Core/Src/fsm_manual.o
                0x0000000008000ae4                fms_MAN_GREEN_RED
 .text.fms_MAN_YELLOW_RED
                0x0000000008000b80       0x9c ./Core/Src/fsm_manual.o
                0x0000000008000b80                fms_MAN_YELLOW_RED
 .text.GreenTime
                0x0000000008000c1c       0x14 ./Core/Src/fsm_settings_run.o
                0x0000000008000c1c                GreenTime
 .text.RedTime  0x0000000008000c30       0x14 ./Core/Src/fsm_settings_run.o
                0x0000000008000c30                RedTime
 .text.AmberTime
                0x0000000008000c44       0x14 ./Core/Src/fsm_settings_run.o
                0x0000000008000c44                AmberTime
 .text.get_uart
                0x0000000008000c58       0x64 ./Core/Src/fsm_settings_run.o
                0x0000000008000c58                get_uart
 .text.fsm_SET_REDTIME
                0x0000000008000cbc       0xa8 ./Core/Src/fsm_settings_run.o
                0x0000000008000cbc                fsm_SET_REDTIME
 .text.fsm_SET_AMBERTIME
                0x0000000008000d64       0xac ./Core/Src/fsm_settings_run.o
                0x0000000008000d64                fsm_SET_AMBERTIME
 .text.fsm_SET_GREENTIME
                0x0000000008000e10       0xac ./Core/Src/fsm_settings_run.o
                0x0000000008000e10                fsm_SET_GREENTIME
 .text.fsm_mode
                0x0000000008000ebc      0x17c ./Core/Src/fsm_settings_run.o
                0x0000000008000ebc                fsm_mode
 .text.fsm_increase
                0x0000000008001038      0x148 ./Core/Src/fsm_settings_run.o
                0x0000000008001038                fsm_increase
 .text.fsm_confirm
                0x0000000008001180      0x130 ./Core/Src/fsm_settings_run.o
                0x0000000008001180                fsm_confirm
 .text.lcd_send_cmd
                0x00000000080012b0       0x60 ./Core/Src/i2c_lcd.o
                0x00000000080012b0                lcd_send_cmd
 .text.lcd_send_data
                0x0000000008001310       0x60 ./Core/Src/i2c_lcd.o
                0x0000000008001310                lcd_send_data
 .text.lcd_init
                0x0000000008001370       0x5c ./Core/Src/i2c_lcd.o
                0x0000000008001370                lcd_init
 .text.lcd_send_string
                0x00000000080013cc       0x2a ./Core/Src/i2c_lcd.o
                0x00000000080013cc                lcd_send_string
 .text.lcd_clear_display
                0x00000000080013f6       0x14 ./Core/Src/i2c_lcd.o
                0x00000000080013f6                lcd_clear_display
 .text.lcd_goto_XY
                0x000000000800140a       0x44 ./Core/Src/i2c_lcd.o
                0x000000000800140a                lcd_goto_XY
 .text.update7SEG
                0x000000000800144e       0x12 ./Core/Src/led7_segment.o
                0x000000000800144e                update7SEG
 .text.setBuffer
                0x0000000008001460       0x78 ./Core/Src/led7_segment.o
                0x0000000008001460                setBuffer
 .text.countAgain
                0x00000000080014d8       0x18 ./Core/Src/led7_segment.o
                0x00000000080014d8                countAgain
 .text.LEDRED   0x00000000080014f0       0x14 ./Core/Src/main.o
                0x00000000080014f0                LEDRED
 .text.HAL_UART_RxCpltCallback
                0x0000000008001504       0x74 ./Core/Src/main.o
                0x0000000008001504                HAL_UART_RxCpltCallback
 .text.main     0x0000000008001578       0xf4 ./Core/Src/main.o
                0x0000000008001578                main
 .text.SystemClock_Config
                0x000000000800166c       0x82 ./Core/Src/main.o
                0x000000000800166c                SystemClock_Config
 *fill*         0x00000000080016ee        0x2 
 .text.MX_I2C1_Init
                0x00000000080016f0       0x5c ./Core/Src/main.o
 .text.MX_TIM2_Init
                0x000000000800174c       0x98 ./Core/Src/main.o
 .text.MX_USART2_UART_Init
                0x00000000080017e4       0x54 ./Core/Src/main.o
 .text.MX_GPIO_Init
                0x0000000008001838      0x160 ./Core/Src/main.o
 .text.HAL_TIM_PeriodElapsedCallback
                0x0000000008001998       0x14 ./Core/Src/main.o
                0x0000000008001998                HAL_TIM_PeriodElapsedCallback
 .text.Error_Handler
                0x00000000080019ac        0xa ./Core/Src/main.o
                0x00000000080019ac                Error_Handler
 *fill*         0x00000000080019b6        0x2 
 .text.SCH_Delete_Task
                0x00000000080019b8       0x80 ./Core/Src/scheduler.o
                0x00000000080019b8                SCH_Delete_Task
 .text.SCH_Init
                0x0000000008001a38       0x2a ./Core/Src/scheduler.o
                0x0000000008001a38                SCH_Init
 *fill*         0x0000000008001a62        0x2 
 .text.SCH_Update
                0x0000000008001a64       0xdc ./Core/Src/scheduler.o
                0x0000000008001a64                SCH_Update
 .text.SCH_Dispatch_Tasks
                0x0000000008001b40       0x94 ./Core/Src/scheduler.o
                0x0000000008001b40                SCH_Dispatch_Tasks
 .text.SCH_Add_Task
                0x0000000008001bd4       0xbc ./Core/Src/scheduler.o
                0x0000000008001bd4                SCH_Add_Task
 .text.SCH_Delete_Short_Task
                0x0000000008001c90       0x5c ./Core/Src/scheduler.o
                0x0000000008001c90                SCH_Delete_Short_Task
 .text.HAL_MspInit
                0x0000000008001cec       0x64 ./Core/Src/stm32f1xx_hal_msp.o
                0x0000000008001cec                HAL_MspInit
 .text.HAL_I2C_MspInit
                0x0000000008001d50       0xa0 ./Core/Src/stm32f1xx_hal_msp.o
                0x0000000008001d50                HAL_I2C_MspInit
 .text.HAL_TIM_Base_MspInit
                0x0000000008001df0       0x48 ./Core/Src/stm32f1xx_hal_msp.o
                0x0000000008001df0                HAL_TIM_Base_MspInit
 .text.HAL_UART_MspInit
                0x0000000008001e38       0x8c ./Core/Src/stm32f1xx_hal_msp.o
                0x0000000008001e38                HAL_UART_MspInit
 .text.NMI_Handler
                0x0000000008001ec4        0x6 ./Core/Src/stm32f1xx_it.o
                0x0000000008001ec4                NMI_Handler
 .text.HardFault_Handler
                0x0000000008001eca        0x6 ./Core/Src/stm32f1xx_it.o
                0x0000000008001eca                HardFault_Handler
 .text.MemManage_Handler
                0x0000000008001ed0        0x6 ./Core/Src/stm32f1xx_it.o
                0x0000000008001ed0                MemManage_Handler
 .text.BusFault_Handler
                0x0000000008001ed6        0x6 ./Core/Src/stm32f1xx_it.o
                0x0000000008001ed6                BusFault_Handler
 .text.UsageFault_Handler
                0x0000000008001edc        0x6 ./Core/Src/stm32f1xx_it.o
                0x0000000008001edc                UsageFault_Handler
 .text.SVC_Handler
                0x0000000008001ee2        0xc ./Core/Src/stm32f1xx_it.o
                0x0000000008001ee2                SVC_Handler
 .text.DebugMon_Handler
                0x0000000008001eee        0xc ./Core/Src/stm32f1xx_it.o
                0x0000000008001eee                DebugMon_Handler
 .text.PendSV_Handler
                0x0000000008001efa        0xc ./Core/Src/stm32f1xx_it.o
                0x0000000008001efa                PendSV_Handler
 .text.SysTick_Handler
                0x0000000008001f06        0xc ./Core/Src/stm32f1xx_it.o
                0x0000000008001f06                SysTick_Handler
 *fill*         0x0000000008001f12        0x2 
 .text.TIM2_IRQHandler
                0x0000000008001f14       0x14 ./Core/Src/stm32f1xx_it.o
                0x0000000008001f14                TIM2_IRQHandler
 .text.USART2_IRQHandler
                0x0000000008001f28       0x14 ./Core/Src/stm32f1xx_it.o
                0x0000000008001f28                USART2_IRQHandler
 .text.EXTI15_10_IRQHandler
                0x0000000008001f3c       0x10 ./Core/Src/stm32f1xx_it.o
                0x0000000008001f3c                EXTI15_10_IRQHandler
 .text._sbrk    0x0000000008001f4c       0x6c ./Core/Src/sysmem.o
                0x0000000008001f4c                _sbrk
 .text.SystemInit
                0x0000000008001fb8        0xc ./Core/Src/system_stm32f1xx.o
                0x0000000008001fb8                SystemInit
 .text.set_off0_off1
                0x0000000008001fc4       0x38 ./Core/Src/traffic_light.o
                0x0000000008001fc4                set_off0_off1
 .text.set_red0_green1
                0x0000000008001ffc       0x38 ./Core/Src/traffic_light.o
                0x0000000008001ffc                set_red0_green1
 .text.set_red0_amber1
                0x0000000008002034       0x38 ./Core/Src/traffic_light.o
                0x0000000008002034                set_red0_amber1
 .text.set_green0_red1
                0x000000000800206c       0x38 ./Core/Src/traffic_light.o
                0x000000000800206c                set_green0_red1
 .text.set_amber0_red1
                0x00000000080020a4       0x38 ./Core/Src/traffic_light.o
                0x00000000080020a4                set_amber0_red1
 .text.setallRed
                0x00000000080020dc       0x38 ./Core/Src/traffic_light.o
                0x00000000080020dc                setallRed
 .text.setallGreen
                0x0000000008002114       0x38 ./Core/Src/traffic_light.o
                0x0000000008002114                setallGreen
 .text.setallAmber
                0x000000000800214c       0x38 ./Core/Src/traffic_light.o
                0x000000000800214c                setallAmber
 .text.setallOff
                0x0000000008002184       0x38 ./Core/Src/traffic_light.o
                0x0000000008002184                setallOff
 .text.uart_com_fsm
                0x00000000080021bc      0x108 ./Core/Src/uart_com.o
                0x00000000080021bc                uart_com_fsm
 .text.Reset_Handler
                0x00000000080022c4       0x48 ./Core/Startup/startup_stm32f103rbtx.o
                0x00000000080022c4                Reset_Handler
 .text.Default_Handler
                0x000000000800230c        0x2 ./Core/Startup/startup_stm32f103rbtx.o
                0x000000000800230c                RTC_Alarm_IRQHandler
                0x000000000800230c                EXTI2_IRQHandler
                0x000000000800230c                TIM1_CC_IRQHandler
                0x000000000800230c                PVD_IRQHandler
                0x000000000800230c                EXTI3_IRQHandler
                0x000000000800230c                EXTI0_IRQHandler
                0x000000000800230c                I2C2_EV_IRQHandler
                0x000000000800230c                ADC1_2_IRQHandler
                0x000000000800230c                SPI1_IRQHandler
                0x000000000800230c                TAMPER_IRQHandler
                0x000000000800230c                DMA1_Channel4_IRQHandler
                0x000000000800230c                USART3_IRQHandler
                0x000000000800230c                RTC_IRQHandler
                0x000000000800230c                DMA1_Channel7_IRQHandler
                0x000000000800230c                CAN1_RX1_IRQHandler
                0x000000000800230c                TIM4_IRQHandler
                0x000000000800230c                I2C1_EV_IRQHandler
                0x000000000800230c                DMA1_Channel6_IRQHandler
                0x000000000800230c                TIM3_IRQHandler
                0x000000000800230c                RCC_IRQHandler
                0x000000000800230c                TIM1_TRG_COM_IRQHandler
                0x000000000800230c                DMA1_Channel1_IRQHandler
                0x000000000800230c                Default_Handler
                0x000000000800230c                EXTI9_5_IRQHandler
                0x000000000800230c                SPI2_IRQHandler
                0x000000000800230c                DMA1_Channel5_IRQHandler
                0x000000000800230c                EXTI4_IRQHandler
                0x000000000800230c                USB_LP_CAN1_RX0_IRQHandler
                0x000000000800230c                USB_HP_CAN1_TX_IRQHandler
                0x000000000800230c                DMA1_Channel3_IRQHandler
                0x000000000800230c                TIM1_UP_IRQHandler
                0x000000000800230c                WWDG_IRQHandler
                0x000000000800230c                TIM1_BRK_IRQHandler
                0x000000000800230c                EXTI1_IRQHandler
                0x000000000800230c                I2C2_ER_IRQHandler
                0x000000000800230c                DMA1_Channel2_IRQHandler
                0x000000000800230c                CAN1_SCE_IRQHandler
                0x000000000800230c                FLASH_IRQHandler
                0x000000000800230c                USART1_IRQHandler
                0x000000000800230c                I2C1_ER_IRQHandler
                0x000000000800230c                USBWakeUp_IRQHandler
 *fill*         0x000000000800230e        0x2 
 .text.HAL_Init
                0x0000000008002310       0x2c ./Drivers/STM32F1xx_HAL_Driver/Src/stm32f1xx_hal.o
                0x0000000008002310                HAL_Init
 .text.HAL_InitTick
                0x000000000800233c       0x60 ./Drivers/STM32F1xx_HAL_Driver/Src/stm32f1xx_hal.o
                0x000000000800233c                HAL_InitTick
 .text.HAL_IncTick
                0x000000000800239c       0x24 ./Drivers/STM32F1xx_HAL_Driver/Src/stm32f1xx_hal.o
                0x000000000800239c                HAL_IncTick
 .text.HAL_GetTick
                0x00000000080023c0       0x14 ./Drivers/STM32F1xx_HAL_Driver/Src/stm32f1xx_hal.o
                0x00000000080023c0                HAL_GetTick
 .text.HAL_Delay
                0x00000000080023d4       0x48 ./Drivers/STM32F1xx_HAL_Driver/Src/stm32f1xx_hal.o
                0x00000000080023d4                HAL_Delay
 .text.__NVIC_SetPriorityGrouping
                0x000000000800241c       0x48 ./Drivers/STM32F1xx_HAL_Driver/Src/stm32f1xx_hal_cortex.o
 .text.__NVIC_GetPriorityGrouping
                0x0000000008002464       0x1c ./Drivers/STM32F1xx_HAL_Driver/Src/stm32f1xx_hal_cortex.o
 .text.__NVIC_EnableIRQ
                0x0000000008002480       0x38 ./Drivers/STM32F1xx_HAL_Driver/Src/stm32f1xx_hal_cortex.o
 .text.__NVIC_SetPriority
                0x00000000080024b8       0x54 ./Drivers/STM32F1xx_HAL_Driver/Src/stm32f1xx_hal_cortex.o
 .text.NVIC_EncodePriority
                0x000000000800250c       0x64 ./Drivers/STM32F1xx_HAL_Driver/Src/stm32f1xx_hal_cortex.o
 .text.SysTick_Config
                0x0000000008002570       0x44 ./Drivers/STM32F1xx_HAL_Driver/Src/stm32f1xx_hal_cortex.o
 .text.HAL_NVIC_SetPriorityGrouping
                0x00000000080025b4       0x16 ./Drivers/STM32F1xx_HAL_Driver/Src/stm32f1xx_hal_cortex.o
                0x00000000080025b4                HAL_NVIC_SetPriorityGrouping
 .text.HAL_NVIC_SetPriority
                0x00000000080025ca       0x38 ./Drivers/STM32F1xx_HAL_Driver/Src/stm32f1xx_hal_cortex.o
                0x00000000080025ca                HAL_NVIC_SetPriority
 .text.HAL_NVIC_EnableIRQ
                0x0000000008002602       0x1c ./Drivers/STM32F1xx_HAL_Driver/Src/stm32f1xx_hal_cortex.o
                0x0000000008002602                HAL_NVIC_EnableIRQ
 .text.HAL_SYSTICK_Config
                0x000000000800261e       0x18 ./Drivers/STM32F1xx_HAL_Driver/Src/stm32f1xx_hal_cortex.o
                0x000000000800261e                HAL_SYSTICK_Config
 .text.HAL_DMA_Abort
                0x0000000008002636       0x76 ./Drivers/STM32F1xx_HAL_Driver/Src/stm32f1xx_hal_dma.o
                0x0000000008002636                HAL_DMA_Abort
 .text.HAL_DMA_Abort_IT
                0x00000000080026ac       0xf0 ./Drivers/STM32F1xx_HAL_Driver/Src/stm32f1xx_hal_dma.o
                0x00000000080026ac                HAL_DMA_Abort_IT
 .text.HAL_GPIO_Init
                0x000000000800279c      0x308 ./Drivers/STM32F1xx_HAL_Driver/Src/stm32f1xx_hal_gpio.o
                0x000000000800279c                HAL_GPIO_Init
 .text.HAL_GPIO_ReadPin
                0x0000000008002aa4       0x2e ./Drivers/STM32F1xx_HAL_Driver/Src/stm32f1xx_hal_gpio.o
                0x0000000008002aa4                HAL_GPIO_ReadPin
 .text.HAL_GPIO_WritePin
                0x0000000008002ad2       0x30 ./Drivers/STM32F1xx_HAL_Driver/Src/stm32f1xx_hal_gpio.o
                0x0000000008002ad2                HAL_GPIO_WritePin
 .text.HAL_GPIO_TogglePin
                0x0000000008002b02       0x32 ./Drivers/STM32F1xx_HAL_Driver/Src/stm32f1xx_hal_gpio.o
                0x0000000008002b02                HAL_GPIO_TogglePin
 .text.HAL_GPIO_EXTI_IRQHandler
                0x0000000008002b34       0x30 ./Drivers/STM32F1xx_HAL_Driver/Src/stm32f1xx_hal_gpio.o
                0x0000000008002b34                HAL_GPIO_EXTI_IRQHandler
 .text.HAL_GPIO_EXTI_Callback
                0x0000000008002b64       0x14 ./Drivers/STM32F1xx_HAL_Driver/Src/stm32f1xx_hal_gpio.o
                0x0000000008002b64                HAL_GPIO_EXTI_Callback
 .text.HAL_I2C_Init
                0x0000000008002b78      0x288 ./Drivers/STM32F1xx_HAL_Driver/Src/stm32f1xx_hal_i2c.o
                0x0000000008002b78                HAL_I2C_Init
 .text.HAL_I2C_Master_Transmit
                0x0000000008002e00      0x1fc ./Drivers/STM32F1xx_HAL_Driver/Src/stm32f1xx_hal_i2c.o
                0x0000000008002e00                HAL_I2C_Master_Transmit
 .text.I2C_MasterRequestWrite
                0x0000000008002ffc      0x104 ./Drivers/STM32F1xx_HAL_Driver/Src/stm32f1xx_hal_i2c.o
 .text.I2C_WaitOnFlagUntilTimeout
                0x0000000008003100       0xf4 ./Drivers/STM32F1xx_HAL_Driver/Src/stm32f1xx_hal_i2c.o
 .text.I2C_WaitOnMasterAddressFlagUntilTimeout
                0x00000000080031f4      0x140 ./Drivers/STM32F1xx_HAL_Driver/Src/stm32f1xx_hal_i2c.o
 .text.I2C_WaitOnTXEFlagUntilTimeout
                0x0000000008003334       0x90 ./Drivers/STM32F1xx_HAL_Driver/Src/stm32f1xx_hal_i2c.o
 .text.I2C_WaitOnBTFFlagUntilTimeout
                0x00000000080033c4       0x90 ./Drivers/STM32F1xx_HAL_Driver/Src/stm32f1xx_hal_i2c.o
 .text.I2C_IsAcknowledgeFailed
                0x0000000008003454       0x5c ./Drivers/STM32F1xx_HAL_Driver/Src/stm32f1xx_hal_i2c.o
 .text.HAL_RCC_OscConfig
                0x00000000080034b0      0x500 ./Drivers/STM32F1xx_HAL_Driver/Src/stm32f1xx_hal_rcc.o
                0x00000000080034b0                HAL_RCC_OscConfig
 .text.HAL_RCC_ClockConfig
                0x00000000080039b0      0x1d4 ./Drivers/STM32F1xx_HAL_Driver/Src/stm32f1xx_hal_rcc.o
                0x00000000080039b0                HAL_RCC_ClockConfig
 .text.HAL_RCC_GetSysClockFreq
                0x0000000008003b84       0xa8 ./Drivers/STM32F1xx_HAL_Driver/Src/stm32f1xx_hal_rcc.o
                0x0000000008003b84                HAL_RCC_GetSysClockFreq
 .text.HAL_RCC_GetHCLKFreq
                0x0000000008003c2c       0x14 ./Drivers/STM32F1xx_HAL_Driver/Src/stm32f1xx_hal_rcc.o
                0x0000000008003c2c                HAL_RCC_GetHCLKFreq
 .text.HAL_RCC_GetPCLK1Freq
                0x0000000008003c40       0x28 ./Drivers/STM32F1xx_HAL_Driver/Src/stm32f1xx_hal_rcc.o
                0x0000000008003c40                HAL_RCC_GetPCLK1Freq
 .text.HAL_RCC_GetPCLK2Freq
                0x0000000008003c68       0x28 ./Drivers/STM32F1xx_HAL_Driver/Src/stm32f1xx_hal_rcc.o
                0x0000000008003c68                HAL_RCC_GetPCLK2Freq
 .text.RCC_Delay
                0x0000000008003c90       0x3c ./Drivers/STM32F1xx_HAL_Driver/Src/stm32f1xx_hal_rcc.o
 .text.HAL_TIM_Base_Init
                0x0000000008003ccc       0x9e ./Drivers/STM32F1xx_HAL_Driver/Src/stm32f1xx_hal_tim.o
                0x0000000008003ccc                HAL_TIM_Base_Init
 *fill*         0x0000000008003d6a        0x2 
 .text.HAL_TIM_Base_Start_IT
                0x0000000008003d6c       0xa4 ./Drivers/STM32F1xx_HAL_Driver/Src/stm32f1xx_hal_tim.o
                0x0000000008003d6c                HAL_TIM_Base_Start_IT
 .text.HAL_TIM_IRQHandler
                0x0000000008003e10      0x1e0 ./Drivers/STM32F1xx_HAL_Driver/Src/stm32f1xx_hal_tim.o
                0x0000000008003e10                HAL_TIM_IRQHandler
 .text.HAL_TIM_ConfigClockSource
                0x0000000008003ff0      0x18e ./Drivers/STM32F1xx_HAL_Driver/Src/stm32f1xx_hal_tim.o
                0x0000000008003ff0                HAL_TIM_ConfigClockSource
 .text.HAL_TIM_OC_DelayElapsedCallback
                0x000000000800417e       0x12 ./Drivers/STM32F1xx_HAL_Driver/Src/stm32f1xx_hal_tim.o
                0x000000000800417e                HAL_TIM_OC_DelayElapsedCallback
 .text.HAL_TIM_IC_CaptureCallback
                0x0000000008004190       0x12 ./Drivers/STM32F1xx_HAL_Driver/Src/stm32f1xx_hal_tim.o
                0x0000000008004190                HAL_TIM_IC_CaptureCallback
 .text.HAL_TIM_PWM_PulseFinishedCallback
                0x00000000080041a2       0x12 ./Drivers/STM32F1xx_HAL_Driver/Src/stm32f1xx_hal_tim.o
                0x00000000080041a2                HAL_TIM_PWM_PulseFinishedCallback
 .text.HAL_TIM_TriggerCallback
                0x00000000080041b4       0x12 ./Drivers/STM32F1xx_HAL_Driver/Src/stm32f1xx_hal_tim.o
                0x00000000080041b4                HAL_TIM_TriggerCallback
 *fill*         0x00000000080041c6        0x2 
 .text.TIM_Base_SetConfig
                0x00000000080041c8       0xdc ./Drivers/STM32F1xx_HAL_Driver/Src/stm32f1xx_hal_tim.o
                0x00000000080041c8                TIM_Base_SetConfig
 .text.TIM_TI1_ConfigInputStage
                0x00000000080042a4       0x5c ./Drivers/STM32F1xx_HAL_Driver/Src/stm32f1xx_hal_tim.o
 .text.TIM_TI2_ConfigInputStage
                0x0000000008004300       0x5e ./Drivers/STM32F1xx_HAL_Driver/Src/stm32f1xx_hal_tim.o
 .text.TIM_ITRx_SetConfig
                0x000000000800435e       0x34 ./Drivers/STM32F1xx_HAL_Driver/Src/stm32f1xx_hal_tim.o
 .text.TIM_ETR_SetConfig
                0x0000000008004392       0x3e ./Drivers/STM32F1xx_HAL_Driver/Src/stm32f1xx_hal_tim.o
                0x0000000008004392                TIM_ETR_SetConfig
 .text.HAL_TIMEx_MasterConfigSynchronization
                0x00000000080043d0       0xbc ./Drivers/STM32F1xx_HAL_Driver/Src/stm32f1xx_hal_tim_ex.o
                0x00000000080043d0                HAL_TIMEx_MasterConfigSynchronization
 .text.HAL_TIMEx_CommutCallback
                0x000000000800448c       0x12 ./Drivers/STM32F1xx_HAL_Driver/Src/stm32f1xx_hal_tim_ex.o
                0x000000000800448c                HAL_TIMEx_CommutCallback
 .text.HAL_TIMEx_BreakCallback
                0x000000000800449e       0x12 ./Drivers/STM32F1xx_HAL_Driver/Src/stm32f1xx_hal_tim_ex.o
                0x000000000800449e                HAL_TIMEx_BreakCallback
 .text.HAL_UART_Init
                0x00000000080044b0       0xa0 ./Drivers/STM32F1xx_HAL_Driver/Src/stm32f1xx_hal_uart.o
                0x00000000080044b0                HAL_UART_Init
 .text.HAL_UART_Transmit
                0x0000000008004550      0x116 ./Drivers/STM32F1xx_HAL_Driver/Src/stm32f1xx_hal_uart.o
                0x0000000008004550                HAL_UART_Transmit
 .text.HAL_UART_Receive_IT
                0x0000000008004666       0x4a ./Drivers/STM32F1xx_HAL_Driver/Src/stm32f1xx_hal_uart.o
                0x0000000008004666                HAL_UART_Receive_IT
 .text.HAL_UART_IRQHandler
                0x00000000080046b0      0x524 ./Drivers/STM32F1xx_HAL_Driver/Src/stm32f1xx_hal_uart.o
                0x00000000080046b0                HAL_UART_IRQHandler
 .text.HAL_UART_TxCpltCallback
                0x0000000008004bd4       0x12 ./Drivers/STM32F1xx_HAL_Driver/Src/stm32f1xx_hal_uart.o
                0x0000000008004bd4                HAL_UART_TxCpltCallback
 .text.HAL_UART_ErrorCallback
                0x0000000008004be6       0x12 ./Drivers/STM32F1xx_HAL_Driver/Src/stm32f1xx_hal_uart.o
                0x0000000008004be6                HAL_UART_ErrorCallback
 .text.HAL_UARTEx_RxEventCallback
                0x0000000008004bf8       0x16 ./Drivers/STM32F1xx_HAL_Driver/Src/stm32f1xx_hal_uart.o
                0x0000000008004bf8                HAL_UARTEx_RxEventCallback
 .text.UART_WaitOnFlagUntilTimeout
                0x0000000008004c0e       0xb2 ./Drivers/STM32F1xx_HAL_Driver/Src/stm32f1xx_hal_uart.o
 .text.UART_Start_Receive_IT
                0x0000000008004cc0       0x72 ./Drivers/STM32F1xx_HAL_Driver/Src/stm32f1xx_hal_uart.o
                0x0000000008004cc0                UART_Start_Receive_IT
 .text.UART_EndRxTransfer
                0x0000000008004d32       0xc4 ./Drivers/STM32F1xx_HAL_Driver/Src/stm32f1xx_hal_uart.o
 .text.UART_DMAAbortOnError
                0x0000000008004df6       0x28 ./Drivers/STM32F1xx_HAL_Driver/Src/stm32f1xx_hal_uart.o
 .text.UART_Transmit_IT
                0x0000000008004e1e       0x9e ./Drivers/STM32F1xx_HAL_Driver/Src/stm32f1xx_hal_uart.o
 .text.UART_EndTransmit_IT
                0x0000000008004ebc       0x30 ./Drivers/STM32F1xx_HAL_Driver/Src/stm32f1xx_hal_uart.o
 .text.UART_Receive_IT
                0x0000000008004eec      0x17c ./Drivers/STM32F1xx_HAL_Driver/Src/stm32f1xx_hal_uart.o
 .text.UART_SetConfig
                0x0000000008005068      0x11c ./Drivers/STM32F1xx_HAL_Driver/Src/stm32f1xx_hal_uart.o
 .text.__errno  0x0000000008005184        0xc d:/stmcubeide/stm32cubeide_1.7.0/stm32cubeide/plugins/com.st.stm32cube.ide.mcu.externaltools.gnu-tools-for-stm32.9-2020-q2-update.win32_2.0.0.202105311346/tools/bin/../lib/gcc/arm-none-eabi/9.3.1/../../../../arm-none-eabi/lib/thumb/v7-m/nofp\libc_nano.a(lib_a-errno.o)
                0x0000000008005184                __errno
 .text.__libc_init_array
                0x0000000008005190       0x48 d:/stmcubeide/stm32cubeide_1.7.0/stm32cubeide/plugins/com.st.stm32cube.ide.mcu.externaltools.gnu-tools-for-stm32.9-2020-q2-update.win32_2.0.0.202105311346/tools/bin/../lib/gcc/arm-none-eabi/9.3.1/../../../../arm-none-eabi/lib/thumb/v7-m/nofp\libc_nano.a(lib_a-init.o)
                0x0000000008005190                __libc_init_array
 .text.memset   0x00000000080051d8       0x10 d:/stmcubeide/stm32cubeide_1.7.0/stm32cubeide/plugins/com.st.stm32cube.ide.mcu.externaltools.gnu-tools-for-stm32.9-2020-q2-update.win32_2.0.0.202105311346/tools/bin/../lib/gcc/arm-none-eabi/9.3.1/../../../../arm-none-eabi/lib/thumb/v7-m/nofp\libc_nano.a(lib_a-memset.o)
                0x00000000080051d8                memset
 .text._free_r  0x00000000080051e8       0x98 d:/stmcubeide/stm32cubeide_1.7.0/stm32cubeide/plugins/com.st.stm32cube.ide.mcu.externaltools.gnu-tools-for-stm32.9-2020-q2-update.win32_2.0.0.202105311346/tools/bin/../lib/gcc/arm-none-eabi/9.3.1/../../../../arm-none-eabi/lib/thumb/v7-m/nofp\libc_nano.a(lib_a-nano-freer.o)
                0x00000000080051e8                _free_r
 .text._malloc_r
                0x0000000008005280       0xb4 d:/stmcubeide/stm32cubeide_1.7.0/stm32cubeide/plugins/com.st.stm32cube.ide.mcu.externaltools.gnu-tools-for-stm32.9-2020-q2-update.win32_2.0.0.202105311346/tools/bin/../lib/gcc/arm-none-eabi/9.3.1/../../../../arm-none-eabi/lib/thumb/v7-m/nofp\libc_nano.a(lib_a-nano-mallocr.o)
                0x0000000008005280                _malloc_r
 .text._sbrk_r  0x0000000008005334       0x20 d:/stmcubeide/stm32cubeide_1.7.0/stm32cubeide/plugins/com.st.stm32cube.ide.mcu.externaltools.gnu-tools-for-stm32.9-2020-q2-update.win32_2.0.0.202105311346/tools/bin/../lib/gcc/arm-none-eabi/9.3.1/../../../../arm-none-eabi/lib/thumb/v7-m/nofp\libc_nano.a(lib_a-sbrkr.o)
                0x0000000008005334                _sbrk_r
 .text.sprintf  0x0000000008005354       0x40 d:/stmcubeide/stm32cubeide_1.7.0/stm32cubeide/plugins/com.st.stm32cube.ide.mcu.externaltools.gnu-tools-for-stm32.9-2020-q2-update.win32_2.0.0.202105311346/tools/bin/../lib/gcc/arm-none-eabi/9.3.1/../../../../arm-none-eabi/lib/thumb/v7-m/nofp\libc_nano.a(lib_a-sprintf.o)
                0x0000000008005354                siprintf
                0x0000000008005354                sprintf
 .text.__malloc_lock
                0x0000000008005394        0xc d:/stmcubeide/stm32cubeide_1.7.0/stm32cubeide/plugins/com.st.stm32cube.ide.mcu.externaltools.gnu-tools-for-stm32.9-2020-q2-update.win32_2.0.0.202105311346/tools/bin/../lib/gcc/arm-none-eabi/9.3.1/../../../../arm-none-eabi/lib/thumb/v7-m/nofp\libc_nano.a(lib_a-mlock.o)
                0x0000000008005394                __malloc_lock
 .text.__malloc_unlock
                0x00000000080053a0        0xc d:/stmcubeide/stm32cubeide_1.7.0/stm32cubeide/plugins/com.st.stm32cube.ide.mcu.externaltools.gnu-tools-for-stm32.9-2020-q2-update.win32_2.0.0.202105311346/tools/bin/../lib/gcc/arm-none-eabi/9.3.1/../../../../arm-none-eabi/lib/thumb/v7-m/nofp\libc_nano.a(lib_a-mlock.o)
                0x00000000080053a0                __malloc_unlock
 .text.__ssputs_r
                0x00000000080053ac       0xb6 d:/stmcubeide/stm32cubeide_1.7.0/stm32cubeide/plugins/com.st.stm32cube.ide.mcu.externaltools.gnu-tools-for-stm32.9-2020-q2-update.win32_2.0.0.202105311346/tools/bin/../lib/gcc/arm-none-eabi/9.3.1/../../../../arm-none-eabi/lib/thumb/v7-m/nofp\libc_nano.a(lib_a-nano-svfprintf.o)
                0x00000000080053ac                __ssputs_r
 *fill*         0x0000000008005462        0x2 
 .text._svfprintf_r
                0x0000000008005464      0x200 d:/stmcubeide/stm32cubeide_1.7.0/stm32cubeide/plugins/com.st.stm32cube.ide.mcu.externaltools.gnu-tools-for-stm32.9-2020-q2-update.win32_2.0.0.202105311346/tools/bin/../lib/gcc/arm-none-eabi/9.3.1/../../../../arm-none-eabi/lib/thumb/v7-m/nofp\libc_nano.a(lib_a-nano-svfprintf.o)
                0x0000000008005464                _svfiprintf_r
                0x0000000008005464                _svfprintf_r
 .text._printf_common
                0x0000000008005664       0xde d:/stmcubeide/stm32cubeide_1.7.0/stm32cubeide/plugins/com.st.stm32cube.ide.mcu.externaltools.gnu-tools-for-stm32.9-2020-q2-update.win32_2.0.0.202105311346/tools/bin/../lib/gcc/arm-none-eabi/9.3.1/../../../../arm-none-eabi/lib/thumb/v7-m/nofp\libc_nano.a(lib_a-nano-vfprintf_i.o)
                0x0000000008005664                _printf_common
 *fill*         0x0000000008005742        0x2 
 .text._printf_i
                0x0000000008005744      0x24c d:/stmcubeide/stm32cubeide_1.7.0/stm32cubeide/plugins/com.st.stm32cube.ide.mcu.externaltools.gnu-tools-for-stm32.9-2020-q2-update.win32_2.0.0.202105311346/tools/bin/../lib/gcc/arm-none-eabi/9.3.1/../../../../arm-none-eabi/lib/thumb/v7-m/nofp\libc_nano.a(lib_a-nano-vfprintf_i.o)
                0x0000000008005744                _printf_i
 .text.__retarget_lock_acquire_recursive
                0x0000000008005990        0x2 d:/stmcubeide/stm32cubeide_1.7.0/stm32cubeide/plugins/com.st.stm32cube.ide.mcu.externaltools.gnu-tools-for-stm32.9-2020-q2-update.win32_2.0.0.202105311346/tools/bin/../lib/gcc/arm-none-eabi/9.3.1/../../../../arm-none-eabi/lib/thumb/v7-m/nofp\libc_nano.a(lib_a-lock.o)
                0x0000000008005990                __retarget_lock_acquire_recursive
 .text.__retarget_lock_release_recursive
                0x0000000008005992        0x2 d:/stmcubeide/stm32cubeide_1.7.0/stm32cubeide/plugins/com.st.stm32cube.ide.mcu.externaltools.gnu-tools-for-stm32.9-2020-q2-update.win32_2.0.0.202105311346/tools/bin/../lib/gcc/arm-none-eabi/9.3.1/../../../../arm-none-eabi/lib/thumb/v7-m/nofp\libc_nano.a(lib_a-lock.o)
                0x0000000008005992                __retarget_lock_release_recursive
 .text.memchr   0x0000000008005994       0x1c d:/stmcubeide/stm32cubeide_1.7.0/stm32cubeide/plugins/com.st.stm32cube.ide.mcu.externaltools.gnu-tools-for-stm32.9-2020-q2-update.win32_2.0.0.202105311346/tools/bin/../lib/gcc/arm-none-eabi/9.3.1/../../../../arm-none-eabi/lib/thumb/v7-m/nofp\libc_nano.a(lib_a-memchr-stub.o)
                0x0000000008005994                memchr
 .text.memcpy   0x00000000080059b0       0x1c d:/stmcubeide/stm32cubeide_1.7.0/stm32cubeide/plugins/com.st.stm32cube.ide.mcu.externaltools.gnu-tools-for-stm32.9-2020-q2-update.win32_2.0.0.202105311346/tools/bin/../lib/gcc/arm-none-eabi/9.3.1/../../../../arm-none-eabi/lib/thumb/v7-m/nofp\libc_nano.a(lib_a-memcpy-stub.o)
                0x00000000080059b0                memcpy
 .text.memmove  0x00000000080059cc       0x34 d:/stmcubeide/stm32cubeide_1.7.0/stm32cubeide/plugins/com.st.stm32cube.ide.mcu.externaltools.gnu-tools-for-stm32.9-2020-q2-update.win32_2.0.0.202105311346/tools/bin/../lib/gcc/arm-none-eabi/9.3.1/../../../../arm-none-eabi/lib/thumb/v7-m/nofp\libc_nano.a(lib_a-memmove.o)
                0x00000000080059cc                memmove
 .text._realloc_r
                0x0000000008005a00       0x4c d:/stmcubeide/stm32cubeide_1.7.0/stm32cubeide/plugins/com.st.stm32cube.ide.mcu.externaltools.gnu-tools-for-stm32.9-2020-q2-update.win32_2.0.0.202105311346/tools/bin/../lib/gcc/arm-none-eabi/9.3.1/../../../../arm-none-eabi/lib/thumb/v7-m/nofp\libc_nano.a(lib_a-nano-reallocr.o)
                0x0000000008005a00                _realloc_r
 .text._malloc_usable_size_r
                0x0000000008005a4c       0x10 d:/stmcubeide/stm32cubeide_1.7.0/stm32cubeide/plugins/com.st.stm32cube.ide.mcu.externaltools.gnu-tools-for-stm32.9-2020-q2-update.win32_2.0.0.202105311346/tools/bin/../lib/gcc/arm-none-eabi/9.3.1/../../../../arm-none-eabi/lib/thumb/v7-m/nofp\libc_nano.a(lib_a-nano-msizer.o)
                0x0000000008005a4c                _malloc_usable_size_r
 *(.glue_7)
 .glue_7        0x0000000008005a5c        0x0 linker stubs
 *(.glue_7t)
 .glue_7t       0x0000000008005a5c        0x0 linker stubs
 *(.eh_frame)
 .eh_frame      0x0000000008005a5c        0x0 d:/stmcubeide/stm32cubeide_1.7.0/stm32cubeide/plugins/com.st.stm32cube.ide.mcu.externaltools.gnu-tools-for-stm32.9-2020-q2-update.win32_2.0.0.202105311346/tools/bin/../lib/gcc/arm-none-eabi/9.3.1/thumb/v7-m/nofp/crtbegin.o
 *(.init)
 .init          0x0000000008005a5c        0x4 d:/stmcubeide/stm32cubeide_1.7.0/stm32cubeide/plugins/com.st.stm32cube.ide.mcu.externaltools.gnu-tools-for-stm32.9-2020-q2-update.win32_2.0.0.202105311346/tools/bin/../lib/gcc/arm-none-eabi/9.3.1/thumb/v7-m/nofp/crti.o
                0x0000000008005a5c                _init
 .init          0x0000000008005a60        0x8 d:/stmcubeide/stm32cubeide_1.7.0/stm32cubeide/plugins/com.st.stm32cube.ide.mcu.externaltools.gnu-tools-for-stm32.9-2020-q2-update.win32_2.0.0.202105311346/tools/bin/../lib/gcc/arm-none-eabi/9.3.1/thumb/v7-m/nofp/crtn.o
 *(.fini)
 .fini          0x0000000008005a68        0x4 d:/stmcubeide/stm32cubeide_1.7.0/stm32cubeide/plugins/com.st.stm32cube.ide.mcu.externaltools.gnu-tools-for-stm32.9-2020-q2-update.win32_2.0.0.202105311346/tools/bin/../lib/gcc/arm-none-eabi/9.3.1/thumb/v7-m/nofp/crti.o
                0x0000000008005a68                _fini
 .fini          0x0000000008005a6c        0x8 d:/stmcubeide/stm32cubeide_1.7.0/stm32cubeide/plugins/com.st.stm32cube.ide.mcu.externaltools.gnu-tools-for-stm32.9-2020-q2-update.win32_2.0.0.202105311346/tools/bin/../lib/gcc/arm-none-eabi/9.3.1/thumb/v7-m/nofp/crtn.o
                0x0000000008005a74                . = ALIGN (0x4)
                0x0000000008005a74                _etext = .

.vfp11_veneer   0x0000000008005a74        0x0
 .vfp11_veneer  0x0000000008005a74        0x0 linker stubs

.v4_bx          0x0000000008005a74        0x0
 .v4_bx         0x0000000008005a74        0x0 linker stubs

.iplt           0x0000000008005a74        0x0
 .iplt          0x0000000008005a74        0x0 d:/stmcubeide/stm32cubeide_1.7.0/stm32cubeide/plugins/com.st.stm32cube.ide.mcu.externaltools.gnu-tools-for-stm32.9-2020-q2-update.win32_2.0.0.202105311346/tools/bin/../lib/gcc/arm-none-eabi/9.3.1/thumb/v7-m/nofp/crtbegin.o

.rodata         0x0000000008005a74      0x190
                0x0000000008005a74                . = ALIGN (0x4)
 *(.rodata)
 .rodata        0x0000000008005a74       0x3d ./Core/Src/fsm_automatic.o
 *fill*         0x0000000008005ab1        0x3 
 .rodata        0x0000000008005ab4       0x4a ./Core/Src/fsm_manual.o
 *fill*         0x0000000008005afe        0x2 
 .rodata        0x0000000008005b00       0x8b ./Core/Src/fsm_settings_run.o
 *fill*         0x0000000008005b8b        0x1 
 .rodata        0x0000000008005b8c       0x15 ./Core/Src/uart_com.o
 *(.rodata*)
 *fill*         0x0000000008005ba1        0x3 
 .rodata.AHBPrescTable
                0x0000000008005ba4       0x10 ./Core/Src/system_stm32f1xx.o
                0x0000000008005ba4                AHBPrescTable
 .rodata.APBPrescTable
                0x0000000008005bb4        0x8 ./Core/Src/system_stm32f1xx.o
                0x0000000008005bb4                APBPrescTable
 .rodata.aPLLMULFactorTable.6442
                0x0000000008005bbc       0x10 ./Drivers/STM32F1xx_HAL_Driver/Src/stm32f1xx_hal_rcc.o
 .rodata.aPredivFactorTable.6443
                0x0000000008005bcc        0x2 ./Drivers/STM32F1xx_HAL_Driver/Src/stm32f1xx_hal_rcc.o
 .rodata._svfprintf_r.str1.1
                0x0000000008005bce       0x11 d:/stmcubeide/stm32cubeide_1.7.0/stm32cubeide/plugins/com.st.stm32cube.ide.mcu.externaltools.gnu-tools-for-stm32.9-2020-q2-update.win32_2.0.0.202105311346/tools/bin/../lib/gcc/arm-none-eabi/9.3.1/../../../../arm-none-eabi/lib/thumb/v7-m/nofp\libc_nano.a(lib_a-nano-svfprintf.o)
 .rodata._printf_i.str1.1
                0x0000000008005bdf       0x22 d:/stmcubeide/stm32cubeide_1.7.0/stm32cubeide/plugins/com.st.stm32cube.ide.mcu.externaltools.gnu-tools-for-stm32.9-2020-q2-update.win32_2.0.0.202105311346/tools/bin/../lib/gcc/arm-none-eabi/9.3.1/../../../../arm-none-eabi/lib/thumb/v7-m/nofp\libc_nano.a(lib_a-nano-vfprintf_i.o)
                0x0000000008005c04                . = ALIGN (0x4)
 *fill*         0x0000000008005c01        0x3 

.rel.dyn        0x0000000008005c04        0x0
 .rel.iplt      0x0000000008005c04        0x0 d:/stmcubeide/stm32cubeide_1.7.0/stm32cubeide/plugins/com.st.stm32cube.ide.mcu.externaltools.gnu-tools-for-stm32.9-2020-q2-update.win32_2.0.0.202105311346/tools/bin/../lib/gcc/arm-none-eabi/9.3.1/thumb/v7-m/nofp/crtbegin.o

.ARM.extab      0x0000000008005c04        0x0
                0x0000000008005c04                . = ALIGN (0x4)
 *(.ARM.extab* .gnu.linkonce.armextab.*)
                0x0000000008005c04                . = ALIGN (0x4)

.ARM            0x0000000008005c04        0x0
                0x0000000008005c04                . = ALIGN (0x4)
                0x0000000008005c04                __exidx_start = .
 *(.ARM.exidx*)
                0x0000000008005c04                __exidx_end = .
                0x0000000008005c04                . = ALIGN (0x4)

.preinit_array  0x0000000008005c04        0x0
                0x0000000008005c04                . = ALIGN (0x4)
                0x0000000008005c04                PROVIDE (__preinit_array_start = .)
 *(.preinit_array*)
                0x0000000008005c04                PROVIDE (__preinit_array_end = .)
                0x0000000008005c04                . = ALIGN (0x4)

.init_array     0x0000000008005c04        0x4
                0x0000000008005c04                . = ALIGN (0x4)
                0x0000000008005c04                PROVIDE (__init_array_start = .)
 *(SORT_BY_NAME(.init_array.*))
 *(.init_array*)
 .init_array    0x0000000008005c04        0x4 d:/stmcubeide/stm32cubeide_1.7.0/stm32cubeide/plugins/com.st.stm32cube.ide.mcu.externaltools.gnu-tools-for-stm32.9-2020-q2-update.win32_2.0.0.202105311346/tools/bin/../lib/gcc/arm-none-eabi/9.3.1/thumb/v7-m/nofp/crtbegin.o
                0x0000000008005c08                PROVIDE (__init_array_end = .)
                0x0000000008005c08                . = ALIGN (0x4)

.fini_array     0x0000000008005c08        0x4
                0x0000000008005c08                . = ALIGN (0x4)
                [!provide]                        PROVIDE (__fini_array_start = .)
 *(SORT_BY_NAME(.fini_array.*))
 *(.fini_array*)
 .fini_array    0x0000000008005c08        0x4 d:/stmcubeide/stm32cubeide_1.7.0/stm32cubeide/plugins/com.st.stm32cube.ide.mcu.externaltools.gnu-tools-for-stm32.9-2020-q2-update.win32_2.0.0.202105311346/tools/bin/../lib/gcc/arm-none-eabi/9.3.1/thumb/v7-m/nofp/crtbegin.o
                [!provide]                        PROVIDE (__fini_array_end = .)
                0x0000000008005c0c                . = ALIGN (0x4)
                0x0000000008005c0c                _sidata = LOADADDR (.data)

.data           0x0000000020000000       0xc8 load address 0x0000000008005c0c
                0x0000000020000000                . = ALIGN (0x4)
                0x0000000020000000                _sdata = .
 *(.data)
 *(.data*)
 .data.KeyReg0  0x0000000020000000        0xc ./Core/Src/button.o
                0x0000000020000000                KeyReg0
 .data.KeyReg1  0x000000002000000c        0xc ./Core/Src/button.o
                0x000000002000000c                KeyReg1
 .data.KeyReg2  0x0000000020000018        0xc ./Core/Src/button.o
                0x0000000020000018                KeyReg2
 .data.KeyReg3  0x0000000020000024        0xc ./Core/Src/button.o
                0x0000000020000024                KeyReg3
 .data.counter  0x0000000020000030        0xc ./Core/Src/button.o
                0x0000000020000030                counter
 .data.greentime
                0x000000002000003c        0x4 ./Core/Src/fsm_settings_run.o
                0x000000002000003c                greentime
 .data.redtime  0x0000000020000040        0x4 ./Core/Src/fsm_settings_run.o
                0x0000000020000040                redtime
 .data.ambertime
                0x0000000020000044        0x4 ./Core/Src/fsm_settings_run.o
                0x0000000020000044                ambertime
 .data.tmp_greentime
                0x0000000020000048        0x4 ./Core/Src/fsm_settings_run.o
                0x0000000020000048                tmp_greentime
 .data.tmp_redtime
                0x000000002000004c        0x4 ./Core/Src/fsm_settings_run.o
                0x000000002000004c                tmp_redtime
 .data.tmp_ambertime
                0x0000000020000050        0x4 ./Core/Src/fsm_settings_run.o
                0x0000000020000050                tmp_ambertime
 .data.status_uart
                0x0000000020000054        0x4 ./Core/Src/global.o
                0x0000000020000054                status_uart
 .data.SystemCoreClock
                0x0000000020000058        0x4 ./Core/Src/system_stm32f1xx.o
                0x0000000020000058                SystemCoreClock
 .data.uwTickPrio
                0x000000002000005c        0x4 ./Drivers/STM32F1xx_HAL_Driver/Src/stm32f1xx_hal.o
                0x000000002000005c                uwTickPrio
 .data.uwTickFreq
                0x0000000020000060        0x1 ./Drivers/STM32F1xx_HAL_Driver/Src/stm32f1xx_hal.o
                0x0000000020000060                uwTickFreq
 *fill*         0x0000000020000061        0x3 
 .data._impure_ptr
                0x0000000020000064        0x4 d:/stmcubeide/stm32cubeide_1.7.0/stm32cubeide/plugins/com.st.stm32cube.ide.mcu.externaltools.gnu-tools-for-stm32.9-2020-q2-update.win32_2.0.0.202105311346/tools/bin/../lib/gcc/arm-none-eabi/9.3.1/../../../../arm-none-eabi/lib/thumb/v7-m/nofp\libc_nano.a(lib_a-impure.o)
                0x0000000020000064                _impure_ptr
 .data.impure_data
                0x0000000020000068       0x60 d:/stmcubeide/stm32cubeide_1.7.0/stm32cubeide/plugins/com.st.stm32cube.ide.mcu.externaltools.gnu-tools-for-stm32.9-2020-q2-update.win32_2.0.0.202105311346/tools/bin/../lib/gcc/arm-none-eabi/9.3.1/../../../../arm-none-eabi/lib/thumb/v7-m/nofp\libc_nano.a(lib_a-impure.o)
 *(.RamFunc)
 *(.RamFunc*)
                0x00000000200000c8                . = ALIGN (0x4)
                0x00000000200000c8                _edata = .

.igot.plt       0x00000000200000c8        0x0 load address 0x0000000008005cd4
 .igot.plt      0x00000000200000c8        0x0 d:/stmcubeide/stm32cubeide_1.7.0/stm32cubeide/plugins/com.st.stm32cube.ide.mcu.externaltools.gnu-tools-for-stm32.9-2020-q2-update.win32_2.0.0.202105311346/tools/bin/../lib/gcc/arm-none-eabi/9.3.1/thumb/v7-m/nofp/crtbegin.o
                0x00000000200000c8                . = ALIGN (0x4)

.bss            0x00000000200000c8      0x2b4 load address 0x0000000008005cd4
                0x00000000200000c8                _sbss = .
                0x00000000200000c8                __bss_start__ = _sbss
 *(.bss)
 .bss           0x00000000200000c8       0x1c d:/stmcubeide/stm32cubeide_1.7.0/stm32cubeide/plugins/com.st.stm32cube.ide.mcu.externaltools.gnu-tools-for-stm32.9-2020-q2-update.win32_2.0.0.202105311346/tools/bin/../lib/gcc/arm-none-eabi/9.3.1/thumb/v7-m/nofp/crtbegin.o
 *(.bss*)
 .bss.second    0x00000000200000e4        0x4 ./Core/Src/fsm_automatic.o
                0x00000000200000e4                second
 .bss.toggle    0x00000000200000e8        0x4 ./Core/Src/fsm_settings_run.o
                0x00000000200000e8                toggle
 .bss.status    0x00000000200000ec        0x4 ./Core/Src/global.o
                0x00000000200000ec                status
 .bss.status_command
                0x00000000200000f0        0x4 ./Core/Src/global.o
                0x00000000200000f0                status_command
 .bss.cursor    0x00000000200000f4        0x1 ./Core/Src/global.o
                0x00000000200000f4                cursor
 .bss.buffer_flag
                0x00000000200000f5        0x1 ./Core/Src/global.o
                0x00000000200000f5                buffer_flag
 .bss.command_index
                0x00000000200000f6        0x1 ./Core/Src/global.o
                0x00000000200000f6                command_index
 .bss.command_flag
                0x00000000200000f7        0x1 ./Core/Src/global.o
                0x00000000200000f7                command_flag
 .bss.index_buffer
                0x00000000200000f8        0x1 ./Core/Src/global.o
                0x00000000200000f8                index_buffer
 *fill*         0x00000000200000f9        0x3 
 .bss.btn1      0x00000000200000fc        0x4 ./Core/Src/global.o
                0x00000000200000fc                btn1
 .bss.btn2      0x0000000020000100        0x4 ./Core/Src/global.o
                0x0000000020000100                btn2
 .bss.btn3      0x0000000020000104        0x4 ./Core/Src/global.o
                0x0000000020000104                btn3
 .bss.index_led
                0x0000000020000108        0x4 ./Core/Src/led7_segment.o
                0x0000000020000108                index_led
 .bss.__sbrk_heap_end
                0x000000002000010c        0x4 ./Core/Src/sysmem.o
 .bss.__malloc_free_list
                0x0000000020000110        0x4 d:/stmcubeide/stm32cubeide_1.7.0/stm32cubeide/plugins/com.st.stm32cube.ide.mcu.externaltools.gnu-tools-for-stm32.9-2020-q2-update.win32_2.0.0.202105311346/tools/bin/../lib/gcc/arm-none-eabi/9.3.1/../../../../arm-none-eabi/lib/thumb/v7-m/nofp\libc_nano.a(lib_a-nano-mallocr.o)
                0x0000000020000110                __malloc_free_list
 .bss.__malloc_sbrk_start
                0x0000000020000114        0x4 d:/stmcubeide/stm32cubeide_1.7.0/stm32cubeide/plugins/com.st.stm32cube.ide.mcu.externaltools.gnu-tools-for-stm32.9-2020-q2-update.win32_2.0.0.202105311346/tools/bin/../lib/gcc/arm-none-eabi/9.3.1/../../../../arm-none-eabi/lib/thumb/v7-m/nofp\libc_nano.a(lib_a-nano-mallocr.o)
                0x0000000020000114                __malloc_sbrk_start
 *(COMMON)
 COMMON         0x0000000020000118       0x18 ./Core/Src/button.o
                0x0000000020000118                button_counter
                0x0000000020000124                button_flag
 COMMON         0x0000000020000130       0x18 ./Core/Src/fsm_automatic.o
                0x0000000020000130                led_buffer
                0x0000000020000140                count1
                0x0000000020000144                count0
 COMMON         0x0000000020000148       0x72 ./Core/Src/global.o
                0x0000000020000148                command
                0x0000000020000168                buffer
                0x0000000020000188                str
 *fill*         0x00000000200001ba        0x2 
 COMMON         0x00000000200001bc       0xe4 ./Core/Src/main.o
                0x00000000200001bc                hi2c1
                0x0000000020000210                htim2
                0x0000000020000258                huart2
 COMMON         0x00000000200002a0       0xc8 ./Core/Src/scheduler.o
                0x00000000200002a0                SCH_tasks_G
 COMMON         0x0000000020000368        0x4 ./Drivers/STM32F1xx_HAL_Driver/Src/stm32f1xx_hal.o
                0x0000000020000368                uwTick
 COMMON         0x000000002000036c        0x4 d:/stmcubeide/stm32cubeide_1.7.0/stm32cubeide/plugins/com.st.stm32cube.ide.mcu.externaltools.gnu-tools-for-stm32.9-2020-q2-update.win32_2.0.0.202105311346/tools/bin/../lib/gcc/arm-none-eabi/9.3.1/../../../../arm-none-eabi/lib/thumb/v7-m/nofp\libc_nano.a(lib_a-reent.o)
                0x000000002000036c                errno
 COMMON         0x0000000020000370        0x9 d:/stmcubeide/stm32cubeide_1.7.0/stm32cubeide/plugins/com.st.stm32cube.ide.mcu.externaltools.gnu-tools-for-stm32.9-2020-q2-update.win32_2.0.0.202105311346/tools/bin/../lib/gcc/arm-none-eabi/9.3.1/../../../../arm-none-eabi/lib/thumb/v7-m/nofp\libc_nano.a(lib_a-lock.o)
                0x0000000020000370                __lock___atexit_recursive_mutex
                0x0000000020000371                __lock___arc4random_mutex
                0x0000000020000372                __lock___env_recursive_mutex
                0x0000000020000373                __lock___sinit_recursive_mutex
                0x0000000020000374                __lock___malloc_recursive_mutex
                0x0000000020000375                __lock___at_quick_exit_mutex
                0x0000000020000376                __lock___dd_hash_mutex
                0x0000000020000377                __lock___tz_mutex
                0x0000000020000378                __lock___sfp_recursive_mutex
                0x000000002000037c                . = ALIGN (0x4)
 *fill*         0x0000000020000379        0x3 
                0x000000002000037c                _ebss = .
                0x000000002000037c                __bss_end__ = _ebss

._user_heap_stack
                0x000000002000037c      0x604 load address 0x0000000008005cd4
                0x0000000020000380                . = ALIGN (0x8)
 *fill*         0x000000002000037c        0x4 
                [!provide]                        PROVIDE (end = .)
                0x0000000020000380                PROVIDE (_end = .)
                0x0000000020000580                . = (. + _Min_Heap_Size)
 *fill*         0x0000000020000380      0x200 
                0x0000000020000980                . = (. + _Min_Stack_Size)
 *fill*         0x0000000020000580      0x400 
                0x0000000020000980                . = ALIGN (0x8)

/DISCARD/
 libc.a(*)
 libm.a(*)
 libgcc.a(*)

.ARM.attributes
                0x0000000000000000       0x29
 *(.ARM.attributes)
 .ARM.attributes
                0x0000000000000000       0x1d d:/stmcubeide/stm32cubeide_1.7.0/stm32cubeide/plugins/com.st.stm32cube.ide.mcu.externaltools.gnu-tools-for-stm32.9-2020-q2-update.win32_2.0.0.202105311346/tools/bin/../lib/gcc/arm-none-eabi/9.3.1/thumb/v7-m/nofp/crti.o
 .ARM.attributes
                0x000000000000001d       0x2d d:/stmcubeide/stm32cubeide_1.7.0/stm32cubeide/plugins/com.st.stm32cube.ide.mcu.externaltools.gnu-tools-for-stm32.9-2020-q2-update.win32_2.0.0.202105311346/tools/bin/../lib/gcc/arm-none-eabi/9.3.1/thumb/v7-m/nofp/crtbegin.o
 .ARM.attributes
                0x000000000000004a       0x2d ./Core/Src/button.o
 .ARM.attributes
                0x0000000000000077       0x2d ./Core/Src/command_read.o
 .ARM.attributes
                0x00000000000000a4       0x2d ./Core/Src/fsm_automatic.o
 .ARM.attributes
                0x00000000000000d1       0x2d ./Core/Src/fsm_manual.o
 .ARM.attributes
                0x00000000000000fe       0x2d ./Core/Src/fsm_settings_run.o
 .ARM.attributes
                0x000000000000012b       0x33 ./Core/Src/global.o
 .ARM.attributes
                0x000000000000015e       0x2d ./Core/Src/i2c_lcd.o
 .ARM.attributes
                0x000000000000018b       0x2d ./Core/Src/led7_segment.o
 .ARM.attributes
                0x00000000000001b8       0x2d ./Core/Src/main.o
 .ARM.attributes
                0x00000000000001e5       0x2d ./Core/Src/scheduler.o
 .ARM.attributes
                0x0000000000000212       0x2d ./Core/Src/stm32f1xx_hal_msp.o
 .ARM.attributes
                0x000000000000023f       0x2d ./Core/Src/stm32f1xx_it.o
 .ARM.attributes
                0x000000000000026c       0x2d ./Core/Src/sysmem.o
 .ARM.attributes
                0x0000000000000299       0x2d ./Core/Src/system_stm32f1xx.o
 .ARM.attributes
                0x00000000000002c6       0x2d ./Core/Src/traffic_light.o
 .ARM.attributes
                0x00000000000002f3       0x2d ./Core/Src/uart_com.o
 .ARM.attributes
                0x0000000000000320       0x21 ./Core/Startup/startup_stm32f103rbtx.o
 .ARM.attributes
                0x0000000000000341       0x2d ./Drivers/STM32F1xx_HAL_Driver/Src/stm32f1xx_hal.o
 .ARM.attributes
                0x000000000000036e       0x2d ./Drivers/STM32F1xx_HAL_Driver/Src/stm32f1xx_hal_cortex.o
 .ARM.attributes
                0x000000000000039b       0x2d ./Drivers/STM32F1xx_HAL_Driver/Src/stm32f1xx_hal_dma.o
 .ARM.attributes
                0x00000000000003c8       0x2d ./Drivers/STM32F1xx_HAL_Driver/Src/stm32f1xx_hal_gpio.o
 .ARM.attributes
                0x00000000000003f5       0x2d ./Drivers/STM32F1xx_HAL_Driver/Src/stm32f1xx_hal_i2c.o
 .ARM.attributes
                0x0000000000000422       0x2d ./Drivers/STM32F1xx_HAL_Driver/Src/stm32f1xx_hal_rcc.o
 .ARM.attributes
                0x000000000000044f       0x2d ./Drivers/STM32F1xx_HAL_Driver/Src/stm32f1xx_hal_tim.o
 .ARM.attributes
                0x000000000000047c       0x2d ./Drivers/STM32F1xx_HAL_Driver/Src/stm32f1xx_hal_tim_ex.o
 .ARM.attributes
                0x00000000000004a9       0x2d ./Drivers/STM32F1xx_HAL_Driver/Src/stm32f1xx_hal_uart.o
 .ARM.attributes
                0x00000000000004d6       0x2d d:/stmcubeide/stm32cubeide_1.7.0/stm32cubeide/plugins/com.st.stm32cube.ide.mcu.externaltools.gnu-tools-for-stm32.9-2020-q2-update.win32_2.0.0.202105311346/tools/bin/../lib/gcc/arm-none-eabi/9.3.1/../../../../arm-none-eabi/lib/thumb/v7-m/nofp\libc_nano.a(lib_a-errno.o)
 .ARM.attributes
                0x0000000000000503       0x2d d:/stmcubeide/stm32cubeide_1.7.0/stm32cubeide/plugins/com.st.stm32cube.ide.mcu.externaltools.gnu-tools-for-stm32.9-2020-q2-update.win32_2.0.0.202105311346/tools/bin/../lib/gcc/arm-none-eabi/9.3.1/../../../../arm-none-eabi/lib/thumb/v7-m/nofp\libc_nano.a(lib_a-impure.o)
 .ARM.attributes
                0x0000000000000530       0x2d d:/stmcubeide/stm32cubeide_1.7.0/stm32cubeide/plugins/com.st.stm32cube.ide.mcu.externaltools.gnu-tools-for-stm32.9-2020-q2-update.win32_2.0.0.202105311346/tools/bin/../lib/gcc/arm-none-eabi/9.3.1/../../../../arm-none-eabi/lib/thumb/v7-m/nofp\libc_nano.a(lib_a-init.o)
 .ARM.attributes
                0x000000000000055d       0x2d d:/stmcubeide/stm32cubeide_1.7.0/stm32cubeide/plugins/com.st.stm32cube.ide.mcu.externaltools.gnu-tools-for-stm32.9-2020-q2-update.win32_2.0.0.202105311346/tools/bin/../lib/gcc/arm-none-eabi/9.3.1/../../../../arm-none-eabi/lib/thumb/v7-m/nofp\libc_nano.a(lib_a-memset.o)
 .ARM.attributes
                0x000000000000058a       0x2d d:/stmcubeide/stm32cubeide_1.7.0/stm32cubeide/plugins/com.st.stm32cube.ide.mcu.externaltools.gnu-tools-for-stm32.9-2020-q2-update.win32_2.0.0.202105311346/tools/bin/../lib/gcc/arm-none-eabi/9.3.1/../../../../arm-none-eabi/lib/thumb/v7-m/nofp\libc_nano.a(lib_a-nano-freer.o)
 .ARM.attributes
                0x00000000000005b7       0x2d d:/stmcubeide/stm32cubeide_1.7.0/stm32cubeide/plugins/com.st.stm32cube.ide.mcu.externaltools.gnu-tools-for-stm32.9-2020-q2-update.win32_2.0.0.202105311346/tools/bin/../lib/gcc/arm-none-eabi/9.3.1/../../../../arm-none-eabi/lib/thumb/v7-m/nofp\libc_nano.a(lib_a-nano-mallocr.o)
 .ARM.attributes
                0x00000000000005e4       0x2d d:/stmcubeide/stm32cubeide_1.7.0/stm32cubeide/plugins/com.st.stm32cube.ide.mcu.externaltools.gnu-tools-for-stm32.9-2020-q2-update.win32_2.0.0.202105311346/tools/bin/../lib/gcc/arm-none-eabi/9.3.1/../../../../arm-none-eabi/lib/thumb/v7-m/nofp\libc_nano.a(lib_a-sbrkr.o)
 .ARM.attributes
                0x0000000000000611       0x2d d:/stmcubeide/stm32cubeide_1.7.0/stm32cubeide/plugins/com.st.stm32cube.ide.mcu.externaltools.gnu-tools-for-stm32.9-2020-q2-update.win32_2.0.0.202105311346/tools/bin/../lib/gcc/arm-none-eabi/9.3.1/../../../../arm-none-eabi/lib/thumb/v7-m/nofp\libc_nano.a(lib_a-sprintf.o)
 .ARM.attributes
                0x000000000000063e       0x2d d:/stmcubeide/stm32cubeide_1.7.0/stm32cubeide/plugins/com.st.stm32cube.ide.mcu.externaltools.gnu-tools-for-stm32.9-2020-q2-update.win32_2.0.0.202105311346/tools/bin/../lib/gcc/arm-none-eabi/9.3.1/../../../../arm-none-eabi/lib/thumb/v7-m/nofp\libc_nano.a(lib_a-mlock.o)
 .ARM.attributes
                0x000000000000066b       0x2d d:/stmcubeide/stm32cubeide_1.7.0/stm32cubeide/plugins/com.st.stm32cube.ide.mcu.externaltools.gnu-tools-for-stm32.9-2020-q2-update.win32_2.0.0.202105311346/tools/bin/../lib/gcc/arm-none-eabi/9.3.1/../../../../arm-none-eabi/lib/thumb/v7-m/nofp\libc_nano.a(lib_a-nano-svfprintf.o)
 .ARM.attributes
                0x0000000000000698       0x2d d:/stmcubeide/stm32cubeide_1.7.0/stm32cubeide/plugins/com.st.stm32cube.ide.mcu.externaltools.gnu-tools-for-stm32.9-2020-q2-update.win32_2.0.0.202105311346/tools/bin/../lib/gcc/arm-none-eabi/9.3.1/../../../../arm-none-eabi/lib/thumb/v7-m/nofp\libc_nano.a(lib_a-nano-vfprintf_i.o)
 .ARM.attributes
                0x00000000000006c5       0x2d d:/stmcubeide/stm32cubeide_1.7.0/stm32cubeide/plugins/com.st.stm32cube.ide.mcu.externaltools.gnu-tools-for-stm32.9-2020-q2-update.win32_2.0.0.202105311346/tools/bin/../lib/gcc/arm-none-eabi/9.3.1/../../../../arm-none-eabi/lib/thumb/v7-m/nofp\libc_nano.a(lib_a-reent.o)
 .ARM.attributes
                0x00000000000006f2       0x2d d:/stmcubeide/stm32cubeide_1.7.0/stm32cubeide/plugins/com.st.stm32cube.ide.mcu.externaltools.gnu-tools-for-stm32.9-2020-q2-update.win32_2.0.0.202105311346/tools/bin/../lib/gcc/arm-none-eabi/9.3.1/../../../../arm-none-eabi/lib/thumb/v7-m/nofp\libc_nano.a(lib_a-lock.o)
 .ARM.attributes
                0x000000000000071f       0x2d d:/stmcubeide/stm32cubeide_1.7.0/stm32cubeide/plugins/com.st.stm32cube.ide.mcu.externaltools.gnu-tools-for-stm32.9-2020-q2-update.win32_2.0.0.202105311346/tools/bin/../lib/gcc/arm-none-eabi/9.3.1/../../../../arm-none-eabi/lib/thumb/v7-m/nofp\libc_nano.a(lib_a-memchr-stub.o)
 .ARM.attributes
                0x000000000000074c       0x2d d:/stmcubeide/stm32cubeide_1.7.0/stm32cubeide/plugins/com.st.stm32cube.ide.mcu.externaltools.gnu-tools-for-stm32.9-2020-q2-update.win32_2.0.0.202105311346/tools/bin/../lib/gcc/arm-none-eabi/9.3.1/../../../../arm-none-eabi/lib/thumb/v7-m/nofp\libc_nano.a(lib_a-memcpy-stub.o)
 .ARM.attributes
                0x0000000000000779       0x2d d:/stmcubeide/stm32cubeide_1.7.0/stm32cubeide/plugins/com.st.stm32cube.ide.mcu.externaltools.gnu-tools-for-stm32.9-2020-q2-update.win32_2.0.0.202105311346/tools/bin/../lib/gcc/arm-none-eabi/9.3.1/../../../../arm-none-eabi/lib/thumb/v7-m/nofp\libc_nano.a(lib_a-memmove.o)
 .ARM.attributes
                0x00000000000007a6       0x2d d:/stmcubeide/stm32cubeide_1.7.0/stm32cubeide/plugins/com.st.stm32cube.ide.mcu.externaltools.gnu-tools-for-stm32.9-2020-q2-update.win32_2.0.0.202105311346/tools/bin/../lib/gcc/arm-none-eabi/9.3.1/../../../../arm-none-eabi/lib/thumb/v7-m/nofp\libc_nano.a(lib_a-nano-reallocr.o)
 .ARM.attributes
                0x00000000000007d3       0x2d d:/stmcubeide/stm32cubeide_1.7.0/stm32cubeide/plugins/com.st.stm32cube.ide.mcu.externaltools.gnu-tools-for-stm32.9-2020-q2-update.win32_2.0.0.202105311346/tools/bin/../lib/gcc/arm-none-eabi/9.3.1/../../../../arm-none-eabi/lib/thumb/v7-m/nofp\libc_nano.a(lib_a-nano-msizer.o)
 .ARM.attributes
                0x0000000000000800       0x1d d:/stmcubeide/stm32cubeide_1.7.0/stm32cubeide/plugins/com.st.stm32cube.ide.mcu.externaltools.gnu-tools-for-stm32.9-2020-q2-update.win32_2.0.0.202105311346/tools/bin/../lib/gcc/arm-none-eabi/9.3.1/thumb/v7-m/nofp/crtn.o
OUTPUT(VXL-BTL.elf elf32-littlearm)
LOAD linker stubs
LOAD d:/stmcubeide/stm32cubeide_1.7.0/stm32cubeide/plugins/com.st.stm32cube.ide.mcu.externaltools.gnu-tools-for-stm32.9-2020-q2-update.win32_2.0.0.202105311346/tools/bin/../lib/gcc/arm-none-eabi/9.3.1/../../../../arm-none-eabi/lib/thumb/v7-m/nofp\libc.a
LOAD d:/stmcubeide/stm32cubeide_1.7.0/stm32cubeide/plugins/com.st.stm32cube.ide.mcu.externaltools.gnu-tools-for-stm32.9-2020-q2-update.win32_2.0.0.202105311346/tools/bin/../lib/gcc/arm-none-eabi/9.3.1/../../../../arm-none-eabi/lib/thumb/v7-m/nofp\libm.a
LOAD d:/stmcubeide/stm32cubeide_1.7.0/stm32cubeide/plugins/com.st.stm32cube.ide.mcu.externaltools.gnu-tools-for-stm32.9-2020-q2-update.win32_2.0.0.202105311346/tools/bin/../lib/gcc/arm-none-eabi/9.3.1/thumb/v7-m/nofp\libgcc.a

.debug_info     0x0000000000000000    0x192e6
 .debug_info    0x0000000000000000      0xd0e ./Core/Src/button.o
 .debug_info    0x0000000000000d0e      0xb7b ./Core/Src/command_read.o
 .debug_info    0x0000000000001889      0xcd4 ./Core/Src/fsm_automatic.o
 .debug_info    0x000000000000255d      0xc0d ./Core/Src/fsm_manual.o
 .debug_info    0x000000000000316a      0xdd0 ./Core/Src/fsm_settings_run.o
 .debug_info    0x0000000000003f3a      0xc37 ./Core/Src/global.o
 .debug_info    0x0000000000004b71     0x10af ./Core/Src/i2c_lcd.o
 .debug_info    0x0000000000005c20      0xc33 ./Core/Src/led7_segment.o
 .debug_info    0x0000000000006853     0x1cb1 ./Core/Src/main.o
 .debug_info    0x0000000000008504      0x23b ./Core/Src/scheduler.o
 .debug_info    0x000000000000873f     0x1150 ./Core/Src/stm32f1xx_hal_msp.o
 .debug_info    0x000000000000988f      0xa5d ./Core/Src/stm32f1xx_it.o
 .debug_info    0x000000000000a2ec      0xa25 ./Core/Src/sysmem.o
 .debug_info    0x000000000000ad11      0x2be ./Core/Src/system_stm32f1xx.o
 .debug_info    0x000000000000afcf      0xcb8 ./Core/Src/traffic_light.o
 .debug_info    0x000000000000bc87     0x1095 ./Core/Src/uart_com.o
 .debug_info    0x000000000000cd1c       0x22 ./Core/Startup/startup_stm32f103rbtx.o
 .debug_info    0x000000000000cd3e      0x76a ./Drivers/STM32F1xx_HAL_Driver/Src/stm32f1xx_hal.o
 .debug_info    0x000000000000d4a8      0xbdc ./Drivers/STM32F1xx_HAL_Driver/Src/stm32f1xx_hal_cortex.o
 .debug_info    0x000000000000e084      0x823 ./Drivers/STM32F1xx_HAL_Driver/Src/stm32f1xx_hal_dma.o
 .debug_info    0x000000000000e8a7      0x701 ./Drivers/STM32F1xx_HAL_Driver/Src/stm32f1xx_hal_gpio.o
 .debug_info    0x000000000000efa8     0x27cb ./Drivers/STM32F1xx_HAL_Driver/Src/stm32f1xx_hal_i2c.o
 .debug_info    0x0000000000011773      0x893 ./Drivers/STM32F1xx_HAL_Driver/Src/stm32f1xx_hal_rcc.o
 .debug_info    0x0000000000012006     0x2c32 ./Drivers/STM32F1xx_HAL_Driver/Src/stm32f1xx_hal_tim.o
 .debug_info    0x0000000000014c38     0x157f ./Drivers/STM32F1xx_HAL_Driver/Src/stm32f1xx_hal_tim_ex.o
 .debug_info    0x00000000000161b7     0x312f ./Drivers/STM32F1xx_HAL_Driver/Src/stm32f1xx_hal_uart.o

.debug_abbrev   0x0000000000000000     0x3749
 .debug_abbrev  0x0000000000000000      0x27e ./Core/Src/button.o
 .debug_abbrev  0x000000000000027e      0x1e6 ./Core/Src/command_read.o
 .debug_abbrev  0x0000000000000464      0x294 ./Core/Src/fsm_automatic.o
 .debug_abbrev  0x00000000000006f8      0x211 ./Core/Src/fsm_manual.o
 .debug_abbrev  0x0000000000000909      0x2ae ./Core/Src/fsm_settings_run.o
 .debug_abbrev  0x0000000000000bb7      0x1ec ./Core/Src/global.o
 .debug_abbrev  0x0000000000000da3      0x25e ./Core/Src/i2c_lcd.o
 .debug_abbrev  0x0000000000001001      0x269 ./Core/Src/led7_segment.o
 .debug_abbrev  0x000000000000126a      0x36b ./Core/Src/main.o
 .debug_abbrev  0x00000000000015d5      0x129 ./Core/Src/scheduler.o
 .debug_abbrev  0x00000000000016fe      0x1c8 ./Core/Src/stm32f1xx_hal_msp.o
 .debug_abbrev  0x00000000000018c6      0x176 ./Core/Src/stm32f1xx_it.o
 .debug_abbrev  0x0000000000001a3c      0x1bf ./Core/Src/sysmem.o
 .debug_abbrev  0x0000000000001bfb      0x14e ./Core/Src/system_stm32f1xx.o
 .debug_abbrev  0x0000000000001d49      0x1fe ./Core/Src/traffic_light.o
 .debug_abbrev  0x0000000000001f47      0x236 ./Core/Src/uart_com.o
 .debug_abbrev  0x000000000000217d       0x12 ./Core/Startup/startup_stm32f103rbtx.o
 .debug_abbrev  0x000000000000218f      0x1ed ./Drivers/STM32F1xx_HAL_Driver/Src/stm32f1xx_hal.o
 .debug_abbrev  0x000000000000237c      0x313 ./Drivers/STM32F1xx_HAL_Driver/Src/stm32f1xx_hal_cortex.o
 .debug_abbrev  0x000000000000268f      0x228 ./Drivers/STM32F1xx_HAL_Driver/Src/stm32f1xx_hal_dma.o
 .debug_abbrev  0x00000000000028b7      0x1e8 ./Drivers/STM32F1xx_HAL_Driver/Src/stm32f1xx_hal_gpio.o
 .debug_abbrev  0x0000000000002a9f      0x288 ./Drivers/STM32F1xx_HAL_Driver/Src/stm32f1xx_hal_i2c.o
 .debug_abbrev  0x0000000000002d27      0x273 ./Drivers/STM32F1xx_HAL_Driver/Src/stm32f1xx_hal_rcc.o
 .debug_abbrev  0x0000000000002f9a      0x25e ./Drivers/STM32F1xx_HAL_Driver/Src/stm32f1xx_hal_tim.o
 .debug_abbrev  0x00000000000031f8      0x266 ./Drivers/STM32F1xx_HAL_Driver/Src/stm32f1xx_hal_tim_ex.o
 .debug_abbrev  0x000000000000345e      0x2eb ./Drivers/STM32F1xx_HAL_Driver/Src/stm32f1xx_hal_uart.o

.debug_aranges  0x0000000000000000     0x11a0
 .debug_aranges
                0x0000000000000000       0x30 ./Core/Src/button.o
 .debug_aranges
                0x0000000000000030       0x20 ./Core/Src/command_read.o
 .debug_aranges
                0x0000000000000050       0x58 ./Core/Src/fsm_automatic.o
 .debug_aranges
                0x00000000000000a8       0x38 ./Core/Src/fsm_manual.o
 .debug_aranges
                0x00000000000000e0       0x80 ./Core/Src/fsm_settings_run.o
 .debug_aranges
                0x0000000000000160       0x18 ./Core/Src/global.o
 .debug_aranges
                0x0000000000000178       0x50 ./Core/Src/i2c_lcd.o
 .debug_aranges
                0x00000000000001c8       0x40 ./Core/Src/led7_segment.o
 .debug_aranges
                0x0000000000000208       0x68 ./Core/Src/main.o
 .debug_aranges
                0x0000000000000270       0x48 ./Core/Src/scheduler.o
 .debug_aranges
                0x00000000000002b8       0x50 ./Core/Src/stm32f1xx_hal_msp.o
 .debug_aranges
                0x0000000000000308       0x78 ./Core/Src/stm32f1xx_it.o
 .debug_aranges
                0x0000000000000380       0x20 ./Core/Src/sysmem.o
 .debug_aranges
                0x00000000000003a0       0x28 ./Core/Src/system_stm32f1xx.o
 .debug_aranges
                0x00000000000003c8       0x60 ./Core/Src/traffic_light.o
 .debug_aranges
                0x0000000000000428       0x20 ./Core/Src/uart_com.o
 .debug_aranges
                0x0000000000000448       0x28 ./Core/Startup/startup_stm32f103rbtx.o
 .debug_aranges
                0x0000000000000470       0xe0 ./Drivers/STM32F1xx_HAL_Driver/Src/stm32f1xx_hal.o
 .debug_aranges
                0x0000000000000550      0x100 ./Drivers/STM32F1xx_HAL_Driver/Src/stm32f1xx_hal_cortex.o
 .debug_aranges
                0x0000000000000650       0x80 ./Drivers/STM32F1xx_HAL_Driver/Src/stm32f1xx_hal_dma.o
 .debug_aranges
                0x00000000000006d0       0x58 ./Drivers/STM32F1xx_HAL_Driver/Src/stm32f1xx_hal_gpio.o
 .debug_aranges
                0x0000000000000728      0x2a8 ./Drivers/STM32F1xx_HAL_Driver/Src/stm32f1xx_hal_i2c.o
 .debug_aranges
                0x00000000000009d0       0x90 ./Drivers/STM32F1xx_HAL_Driver/Src/stm32f1xx_hal_rcc.o
 .debug_aranges
                0x0000000000000a60      0x3d0 ./Drivers/STM32F1xx_HAL_Driver/Src/stm32f1xx_hal_tim.o
 .debug_aranges
                0x0000000000000e30      0x168 ./Drivers/STM32F1xx_HAL_Driver/Src/stm32f1xx_hal_tim_ex.o
 .debug_aranges
                0x0000000000000f98      0x208 ./Drivers/STM32F1xx_HAL_Driver/Src/stm32f1xx_hal_uart.o

.debug_ranges   0x0000000000000000     0x1048
 .debug_ranges  0x0000000000000000       0x20 ./Core/Src/button.o
 .debug_ranges  0x0000000000000020       0x10 ./Core/Src/command_read.o
 .debug_ranges  0x0000000000000030       0x48 ./Core/Src/fsm_automatic.o
 .debug_ranges  0x0000000000000078       0x28 ./Core/Src/fsm_manual.o
 .debug_ranges  0x00000000000000a0       0x70 ./Core/Src/fsm_settings_run.o
 .debug_ranges  0x0000000000000110       0x40 ./Core/Src/i2c_lcd.o
 .debug_ranges  0x0000000000000150       0x30 ./Core/Src/led7_segment.o
 .debug_ranges  0x0000000000000180       0x58 ./Core/Src/main.o
 .debug_ranges  0x00000000000001d8       0x38 ./Core/Src/scheduler.o
 .debug_ranges  0x0000000000000210       0x40 ./Core/Src/stm32f1xx_hal_msp.o
 .debug_ranges  0x0000000000000250       0x68 ./Core/Src/stm32f1xx_it.o
 .debug_ranges  0x00000000000002b8       0x10 ./Core/Src/sysmem.o
 .debug_ranges  0x00000000000002c8       0x18 ./Core/Src/system_stm32f1xx.o
 .debug_ranges  0x00000000000002e0       0x50 ./Core/Src/traffic_light.o
 .debug_ranges  0x0000000000000330       0x10 ./Core/Src/uart_com.o
 .debug_ranges  0x0000000000000340       0x20 ./Core/Startup/startup_stm32f103rbtx.o
 .debug_ranges  0x0000000000000360       0xd0 ./Drivers/STM32F1xx_HAL_Driver/Src/stm32f1xx_hal.o
 .debug_ranges  0x0000000000000430       0xf0 ./Drivers/STM32F1xx_HAL_Driver/Src/stm32f1xx_hal_cortex.o
 .debug_ranges  0x0000000000000520       0x70 ./Drivers/STM32F1xx_HAL_Driver/Src/stm32f1xx_hal_dma.o
 .debug_ranges  0x0000000000000590       0x48 ./Drivers/STM32F1xx_HAL_Driver/Src/stm32f1xx_hal_gpio.o
 .debug_ranges  0x00000000000005d8      0x2b0 ./Drivers/STM32F1xx_HAL_Driver/Src/stm32f1xx_hal_i2c.o
 .debug_ranges  0x0000000000000888       0x80 ./Drivers/STM32F1xx_HAL_Driver/Src/stm32f1xx_hal_rcc.o
 .debug_ranges  0x0000000000000908      0x3c0 ./Drivers/STM32F1xx_HAL_Driver/Src/stm32f1xx_hal_tim.o
 .debug_ranges  0x0000000000000cc8      0x158 ./Drivers/STM32F1xx_HAL_Driver/Src/stm32f1xx_hal_tim_ex.o
 .debug_ranges  0x0000000000000e20      0x228 ./Drivers/STM32F1xx_HAL_Driver/Src/stm32f1xx_hal_uart.o

.debug_macro    0x0000000000000000    0x1ac21
 .debug_macro   0x0000000000000000      0x3e0 ./Core/Src/button.o
 .debug_macro   0x00000000000003e0      0xa9c ./Core/Src/button.o
 .debug_macro   0x0000000000000e7c      0x221 ./Core/Src/button.o
 .debug_macro   0x000000000000109d       0x2e ./Core/Src/button.o
 .debug_macro   0x00000000000010cb       0x22 ./Core/Src/button.o
 .debug_macro   0x00000000000010ed       0x22 ./Core/Src/button.o
 .debug_macro   0x000000000000110f       0x8e ./Core/Src/button.o
 .debug_macro   0x000000000000119d       0x51 ./Core/Src/button.o
 .debug_macro   0x00000000000011ee      0x103 ./Core/Src/button.o
 .debug_macro   0x00000000000012f1       0x6a ./Core/Src/button.o
 .debug_macro   0x000000000000135b      0x1df ./Core/Src/button.o
 .debug_macro   0x000000000000153a       0x1c ./Core/Src/button.o
 .debug_macro   0x0000000000001556       0x22 ./Core/Src/button.o
 .debug_macro   0x0000000000001578       0xc3 ./Core/Src/button.o
 .debug_macro   0x000000000000163b      0xd23 ./Core/Src/button.o
 .debug_macro   0x000000000000235e     0xe09e ./Core/Src/button.o
 .debug_macro   0x00000000000103fc       0x6d ./Core/Src/button.o
 .debug_macro   0x0000000000010469     0x34a2 ./Core/Src/button.o
 .debug_macro   0x000000000001390b      0x174 ./Core/Src/button.o
 .debug_macro   0x0000000000013a7f       0x5c ./Core/Src/button.o
 .debug_macro   0x0000000000013adb      0x5bc ./Core/Src/button.o
 .debug_macro   0x0000000000014097      0x289 ./Core/Src/button.o
 .debug_macro   0x0000000000014320      0x1cb ./Core/Src/button.o
 .debug_macro   0x00000000000144eb      0x114 ./Core/Src/button.o
 .debug_macro   0x00000000000145ff      0x1b2 ./Core/Src/button.o
 .debug_macro   0x00000000000147b1       0x27 ./Core/Src/button.o
 .debug_macro   0x00000000000147d8      0x136 ./Core/Src/button.o
 .debug_macro   0x000000000001490e      0x1bc ./Core/Src/button.o
 .debug_macro   0x0000000000014aca       0x34 ./Core/Src/button.o
 .debug_macro   0x0000000000014afe       0x3c ./Core/Src/button.o
 .debug_macro   0x0000000000014b3a       0x57 ./Core/Src/button.o
 .debug_macro   0x0000000000014b91       0x87 ./Core/Src/button.o
 .debug_macro   0x0000000000014c18      0x240 ./Core/Src/button.o
 .debug_macro   0x0000000000014e58      0x287 ./Core/Src/button.o
 .debug_macro   0x00000000000150df      0x140 ./Core/Src/button.o
 .debug_macro   0x000000000001521f      0x8ed ./Core/Src/button.o
 .debug_macro   0x0000000000015b0c      0x28e ./Core/Src/button.o
 .debug_macro   0x0000000000015d9a       0x83 ./Core/Src/button.o
 .debug_macro   0x0000000000015e1d       0xb2 ./Core/Src/button.o
 .debug_macro   0x0000000000015ecf       0x16 ./Core/Src/button.o
 .debug_macro   0x0000000000015ee5       0x1c ./Core/Src/button.o
 .debug_macro   0x0000000000015f01       0x16 ./Core/Src/button.o
 .debug_macro   0x0000000000015f17       0x18 ./Core/Src/button.o
 .debug_macro   0x0000000000015f2f       0x52 ./Core/Src/button.o
 .debug_macro   0x0000000000015f81       0x3c ./Core/Src/button.o
 .debug_macro   0x0000000000015fbd       0x34 ./Core/Src/button.o
 .debug_macro   0x0000000000015ff1       0x16 ./Core/Src/button.o
 .debug_macro   0x0000000000016007       0x35 ./Core/Src/button.o
 .debug_macro   0x000000000001603c       0x16 ./Core/Src/button.o
 .debug_macro   0x0000000000016052       0x43 ./Core/Src/button.o
 .debug_macro   0x0000000000016095       0x34 ./Core/Src/button.o
 .debug_macro   0x00000000000160c9       0x10 ./Core/Src/button.o
 .debug_macro   0x00000000000160d9       0x58 ./Core/Src/button.o
 .debug_macro   0x0000000000016131       0x71 ./Core/Src/button.o
 .debug_macro   0x00000000000161a2       0x1c ./Core/Src/button.o
 .debug_macro   0x00000000000161be      0x12a ./Core/Src/button.o
 .debug_macro   0x00000000000162e8      0x333 ./Core/Src/button.o
 .debug_macro   0x000000000001661b       0x16 ./Core/Src/button.o
 .debug_macro   0x0000000000016631       0x29 ./Core/Src/button.o
 .debug_macro   0x000000000001665a       0x1c ./Core/Src/button.o
 .debug_macro   0x0000000000016676       0x10 ./Core/Src/button.o
 .debug_macro   0x0000000000016686       0x10 ./Core/Src/button.o
 .debug_macro   0x0000000000016696       0x1c ./Core/Src/button.o
 .debug_macro   0x00000000000166b2       0x52 ./Core/Src/button.o
 .debug_macro   0x0000000000016704       0x22 ./Core/Src/button.o
 .debug_macro   0x0000000000016726       0x10 ./Core/Src/button.o
 .debug_macro   0x0000000000016736       0x40 ./Core/Src/button.o
 .debug_macro   0x0000000000016776       0xd5 ./Core/Src/button.o
 .debug_macro   0x000000000001684b       0x1c ./Core/Src/button.o
 .debug_macro   0x0000000000016867       0x3d ./Core/Src/button.o
 .debug_macro   0x00000000000168a4       0x16 ./Core/Src/button.o
 .debug_macro   0x00000000000168ba      0x145 ./Core/Src/button.o
 .debug_macro   0x00000000000169ff       0x16 ./Core/Src/button.o
 .debug_macro   0x0000000000016a15       0x20 ./Core/Src/button.o
 .debug_macro   0x0000000000016a35      0x1a9 ./Core/Src/button.o
 .debug_macro   0x0000000000016bde       0x70 ./Core/Src/button.o
 .debug_macro   0x0000000000016c4e      0x3e6 ./Core/Src/command_read.o
 .debug_macro   0x0000000000017034      0x3fa ./Core/Src/fsm_automatic.o
 .debug_macro   0x000000000001742e      0x3fa ./Core/Src/fsm_manual.o
 .debug_macro   0x0000000000017828      0x3fa ./Core/Src/fsm_settings_run.o
 .debug_macro   0x0000000000017c22      0x3dc ./Core/Src/global.o
 .debug_macro   0x0000000000017ffe      0x37a ./Core/Src/i2c_lcd.o
 .debug_macro   0x0000000000018378      0x3e0 ./Core/Src/led7_segment.o
 .debug_macro   0x0000000000018758      0x40e ./Core/Src/main.o
 .debug_macro   0x0000000000018b66       0x72 ./Core/Src/scheduler.o
 .debug_macro   0x0000000000018bd8       0x10 ./Core/Src/scheduler.o
 .debug_macro   0x0000000000018be8      0x1bc ./Core/Src/stm32f1xx_hal_msp.o
 .debug_macro   0x0000000000018da4      0x1c6 ./Core/Src/stm32f1xx_it.o
 .debug_macro   0x0000000000018f6a       0xff ./Core/Src/sysmem.o
 .debug_macro   0x0000000000019069      0x23b ./Core/Src/sysmem.o
 .debug_macro   0x00000000000192a4      0x1ad ./Core/Src/system_stm32f1xx.o
 .debug_macro   0x0000000000019451      0x3e4 ./Core/Src/traffic_light.o
 .debug_macro   0x0000000000019835      0x3e6 ./Core/Src/uart_com.o
 .debug_macro   0x0000000000019c1b      0x1d1 ./Drivers/STM32F1xx_HAL_Driver/Src/stm32f1xx_hal.o
 .debug_macro   0x0000000000019dec      0x1ad ./Drivers/STM32F1xx_HAL_Driver/Src/stm32f1xx_hal_cortex.o
 .debug_macro   0x0000000000019f99      0x1ad ./Drivers/STM32F1xx_HAL_Driver/Src/stm32f1xx_hal_dma.o
 .debug_macro   0x000000000001a146      0x218 ./Drivers/STM32F1xx_HAL_Driver/Src/stm32f1xx_hal_gpio.o
 .debug_macro   0x000000000001a35e      0x1fb ./Drivers/STM32F1xx_HAL_Driver/Src/stm32f1xx_hal_i2c.o
 .debug_macro   0x000000000001a559      0x1bf ./Drivers/STM32F1xx_HAL_Driver/Src/stm32f1xx_hal_rcc.o
 .debug_macro   0x000000000001a718      0x1ae ./Drivers/STM32F1xx_HAL_Driver/Src/stm32f1xx_hal_tim.o
 .debug_macro   0x000000000001a8c6      0x1ad ./Drivers/STM32F1xx_HAL_Driver/Src/stm32f1xx_hal_tim_ex.o
 .debug_macro   0x000000000001aa73      0x1ae ./Drivers/STM32F1xx_HAL_Driver/Src/stm32f1xx_hal_uart.o

.debug_line     0x0000000000000000    0x17fb7
 .debug_line    0x0000000000000000      0xa27 ./Core/Src/button.o
 .debug_line    0x0000000000000a27      0x9d7 ./Core/Src/command_read.o
 .debug_line    0x00000000000013fe      0xc22 ./Core/Src/fsm_automatic.o
 .debug_line    0x0000000000002020      0xa0e ./Core/Src/fsm_manual.o
 .debug_line    0x0000000000002a2e      0xd99 ./Core/Src/fsm_settings_run.o
 .debug_line    0x00000000000037c7      0x94a ./Core/Src/global.o
 .debug_line    0x0000000000004111      0xa0f ./Core/Src/i2c_lcd.o
 .debug_line    0x0000000000004b20      0x9e4 ./Core/Src/led7_segment.o
 .debug_line    0x0000000000005504      0xbe0 ./Core/Src/main.o
 .debug_line    0x00000000000060e4      0x53b ./Core/Src/scheduler.o
 .debug_line    0x000000000000661f      0x787 ./Core/Src/stm32f1xx_hal_msp.o
 .debug_line    0x0000000000006da6      0x7be ./Core/Src/stm32f1xx_it.o
 .debug_line    0x0000000000007564      0x520 ./Core/Src/sysmem.o
 .debug_line    0x0000000000007a84      0x732 ./Core/Src/system_stm32f1xx.o
 .debug_line    0x00000000000081b6      0xa3b ./Core/Src/traffic_light.o
 .debug_line    0x0000000000008bf1      0x9c6 ./Core/Src/uart_com.o
 .debug_line    0x00000000000095b7       0x86 ./Core/Startup/startup_stm32f103rbtx.o
 .debug_line    0x000000000000963d      0x95f ./Drivers/STM32F1xx_HAL_Driver/Src/stm32f1xx_hal.o
 .debug_line    0x0000000000009f9c      0xb47 ./Drivers/STM32F1xx_HAL_Driver/Src/stm32f1xx_hal_cortex.o
 .debug_line    0x000000000000aae3      0xdb8 ./Drivers/STM32F1xx_HAL_Driver/Src/stm32f1xx_hal_dma.o
 .debug_line    0x000000000000b89b      0x9f8 ./Drivers/STM32F1xx_HAL_Driver/Src/stm32f1xx_hal_gpio.o
 .debug_line    0x000000000000c293     0x3af5 ./Drivers/STM32F1xx_HAL_Driver/Src/stm32f1xx_hal_i2c.o
 .debug_line    0x000000000000fd88      0xd6b ./Drivers/STM32F1xx_HAL_Driver/Src/stm32f1xx_hal_rcc.o
 .debug_line    0x0000000000010af3     0x33f9 ./Drivers/STM32F1xx_HAL_Driver/Src/stm32f1xx_hal_tim.o
 .debug_line    0x0000000000013eec     0x18a5 ./Drivers/STM32F1xx_HAL_Driver/Src/stm32f1xx_hal_tim_ex.o
 .debug_line    0x0000000000015791     0x2826 ./Drivers/STM32F1xx_HAL_Driver/Src/stm32f1xx_hal_uart.o

.debug_str      0x0000000000000000    0x8e76f
 .debug_str     0x0000000000000000    0x89bb3 ./Core/Src/button.o
                                      0x8a00d (size before relaxing)
 .debug_str     0x0000000000089bb3       0x41 ./Core/Src/command_read.o
                                      0x89f91 (size before relaxing)
 .debug_str     0x0000000000089bf4       0xe3 ./Core/Src/fsm_automatic.o
                                      0x8a03f (size before relaxing)
 .debug_str     0x0000000000089cd7       0x63 ./Core/Src/fsm_manual.o
                                      0x89ff1 (size before relaxing)
 .debug_str     0x0000000000089d3a       0xd2 ./Core/Src/fsm_settings_run.o
                                      0x8a0a4 (size before relaxing)
 .debug_str     0x0000000000089e0c       0x1f ./Core/Src/global.o
                                      0x89f6f (size before relaxing)
 .debug_str     0x0000000000089e2b      0x485 ./Core/Src/i2c_lcd.o
                                      0x896f2 (size before relaxing)
 .debug_str     0x000000000008a2b0       0x6f ./Core/Src/led7_segment.o
                                      0x89fc5 (size before relaxing)
 .debug_str     0x000000000008a31f      0x9b5 ./Core/Src/main.o
                                      0x8af25 (size before relaxing)
 .debug_str     0x000000000008acd4       0xb3 ./Core/Src/scheduler.o
                                       0x3d86 (size before relaxing)
 .debug_str     0x000000000008ad87       0xdb ./Core/Src/stm32f1xx_hal_msp.o
                                      0x85fc0 (size before relaxing)
 .debug_str     0x000000000008ae62       0xf4 ./Core/Src/stm32f1xx_it.o
                                      0x85a11 (size before relaxing)
 .debug_str     0x000000000008af56      0x4e9 ./Core/Src/sysmem.o
                                       0x6250 (size before relaxing)
 .debug_str     0x000000000008b43f       0x52 ./Core/Src/system_stm32f1xx.o
                                      0x8502e (size before relaxing)
 .debug_str     0x000000000008b491       0x96 ./Core/Src/traffic_light.o
                                      0x8a017 (size before relaxing)
 .debug_str     0x000000000008b527       0x2a ./Core/Src/uart_com.o
                                      0x8a37a (size before relaxing)
 .debug_str     0x000000000008b551       0x36 ./Core/Startup/startup_stm32f103rbtx.o
                                         0x64 (size before relaxing)
 .debug_str     0x000000000008b587      0x304 ./Drivers/STM32F1xx_HAL_Driver/Src/stm32f1xx_hal.o
                                      0x856bf (size before relaxing)
 .debug_str     0x000000000008b88b      0x300 ./Drivers/STM32F1xx_HAL_Driver/Src/stm32f1xx_hal_cortex.o
                                      0x856c7 (size before relaxing)
 .debug_str     0x000000000008bb8b      0x235 ./Drivers/STM32F1xx_HAL_Driver/Src/stm32f1xx_hal_dma.o
                                      0x85409 (size before relaxing)
 .debug_str     0x000000000008bdc0      0x31f ./Drivers/STM32F1xx_HAL_Driver/Src/stm32f1xx_hal_gpio.o
                                      0x853f2 (size before relaxing)
 .debug_str     0x000000000008c0df      0xb9a ./Drivers/STM32F1xx_HAL_Driver/Src/stm32f1xx_hal_i2c.o
                                      0x860bd (size before relaxing)
 .debug_str     0x000000000008cc79      0x244 ./Drivers/STM32F1xx_HAL_Driver/Src/stm32f1xx_hal_rcc.o
                                      0x8542b (size before relaxing)
 .debug_str     0x000000000008cebd      0xdcd ./Drivers/STM32F1xx_HAL_Driver/Src/stm32f1xx_hal_tim.o
                                      0x86414 (size before relaxing)
 .debug_str     0x000000000008dc8a      0x4ee ./Drivers/STM32F1xx_HAL_Driver/Src/stm32f1xx_hal_tim_ex.o
                                      0x85bb5 (size before relaxing)
 .debug_str     0x000000000008e178      0x5f7 ./Drivers/STM32F1xx_HAL_Driver/Src/stm32f1xx_hal_uart.o
                                      0x85a83 (size before relaxing)

.comment        0x0000000000000000       0x53
 .comment       0x0000000000000000       0x53 ./Core/Src/button.o
                                         0x54 (size before relaxing)
 .comment       0x0000000000000053       0x54 ./Core/Src/command_read.o
 .comment       0x0000000000000053       0x54 ./Core/Src/fsm_automatic.o
 .comment       0x0000000000000053       0x54 ./Core/Src/fsm_manual.o
 .comment       0x0000000000000053       0x54 ./Core/Src/fsm_settings_run.o
 .comment       0x0000000000000053       0x54 ./Core/Src/global.o
 .comment       0x0000000000000053       0x54 ./Core/Src/i2c_lcd.o
 .comment       0x0000000000000053       0x54 ./Core/Src/led7_segment.o
 .comment       0x0000000000000053       0x54 ./Core/Src/main.o
 .comment       0x0000000000000053       0x54 ./Core/Src/scheduler.o
 .comment       0x0000000000000053       0x54 ./Core/Src/stm32f1xx_hal_msp.o
 .comment       0x0000000000000053       0x54 ./Core/Src/stm32f1xx_it.o
 .comment       0x0000000000000053       0x54 ./Core/Src/sysmem.o
 .comment       0x0000000000000053       0x54 ./Core/Src/system_stm32f1xx.o
 .comment       0x0000000000000053       0x54 ./Core/Src/traffic_light.o
 .comment       0x0000000000000053       0x54 ./Core/Src/uart_com.o
 .comment       0x0000000000000053       0x54 ./Drivers/STM32F1xx_HAL_Driver/Src/stm32f1xx_hal.o
 .comment       0x0000000000000053       0x54 ./Drivers/STM32F1xx_HAL_Driver/Src/stm32f1xx_hal_cortex.o
 .comment       0x0000000000000053       0x54 ./Drivers/STM32F1xx_HAL_Driver/Src/stm32f1xx_hal_dma.o
 .comment       0x0000000000000053       0x54 ./Drivers/STM32F1xx_HAL_Driver/Src/stm32f1xx_hal_gpio.o
 .comment       0x0000000000000053       0x54 ./Drivers/STM32F1xx_HAL_Driver/Src/stm32f1xx_hal_i2c.o
 .comment       0x0000000000000053       0x54 ./Drivers/STM32F1xx_HAL_Driver/Src/stm32f1xx_hal_rcc.o
 .comment       0x0000000000000053       0x54 ./Drivers/STM32F1xx_HAL_Driver/Src/stm32f1xx_hal_tim.o
 .comment       0x0000000000000053       0x54 ./Drivers/STM32F1xx_HAL_Driver/Src/stm32f1xx_hal_tim_ex.o
 .comment       0x0000000000000053       0x54 ./Drivers/STM32F1xx_HAL_Driver/Src/stm32f1xx_hal_uart.o

.debug_frame    0x0000000000000000     0x4b94
 .debug_frame   0x0000000000000000       0x80 ./Core/Src/button.o
 .debug_frame   0x0000000000000080       0x30 ./Core/Src/command_read.o