fsm_settings_run.c:20:5:GreenTime	4	static
fsm_settings_run.c:23:5:RedTime	4	static
fsm_settings_run.c:26:5:AmberTime	4	static
fsm_settings_run.c:30:6:setGreenTime	16	static
fsm_settings_run.c:33:6:setRedTime	16	static
fsm_settings_run.c:36:6:setAmberTime	16	static
fsm_settings_run.c:40:5:get_uart	32	static
fsm_settings_run.c:59:6:fsm_SET_REDTIME	24	static
fsm_settings_run.c:80:6:fsm_SET_AMBERTIME	24	static
fsm_settings_run.c:101:6:fsm_SET_GREENTIME	24	static
fsm_settings_run.c:123:6:fsm_mode	8	static
fsm_settings_run.c:189:6:fsm_increase	8	static
fsm_settings_run.c:235:6:fsm_confirm	8	static
